Archive member included to satisfy reference by file (symbol)

C:/nxp/MCUXpressoIDE_24.12.148/ide/plugins/com.nxp.mcuxpresso.tools.win32_24.12.0.202407110909/tools/bin/../lib/gcc/arm-none-eabi/13.2.1/../../../../arm-none-eabi/lib/thumb/v8-m.main+fp/hard\libcr_nohost_nf.a(_cr__main.o)
                              ./startup/startup_mcxn947_cm33_core0.o (__main)
C:/nxp/MCUXpressoIDE_24.12.148/ide/plugins/com.nxp.mcuxpresso.tools.win32_24.12.0.202407110909/tools/bin/../lib/gcc/arm-none-eabi/13.2.1/../../../../arm-none-eabi/lib/thumb/v8-m.main+fp/hard\libcr_c.a(memset.o)
                              ./drivers/fsl_ctimer.o (memset)
C:/nxp/MCUXpressoIDE_24.12.148/ide/plugins/com.nxp.mcuxpresso.tools.win32_24.12.0.202407110909/tools/bin/../lib/gcc/arm-none-eabi/13.2.1/../../../../arm-none-eabi/lib/thumb/v8-m.main+fp/hard\libcr_c.a(alloc.o)
                              ./drivers/fsl_common.o (malloc)
C:/nxp/MCUXpressoIDE_24.12.148/ide/plugins/com.nxp.mcuxpresso.tools.win32_24.12.0.202407110909/tools/bin/../lib/gcc/arm-none-eabi/13.2.1/../../../../arm-none-eabi/lib/thumb/v8-m.main+fp/hard\libcr_c.a(errno.o)
                              ./utilities/str/fsl_str.o (errno)
C:/nxp/MCUXpressoIDE_24.12.148/ide/plugins/com.nxp.mcuxpresso.tools.win32_24.12.0.202407110909/tools/bin/../lib/gcc/arm-none-eabi/13.2.1/../../../../arm-none-eabi/lib/thumb/v8-m.main+fp/hard\libcr_c.a(initio.o)
                              C:/nxp/MCUXpressoIDE_24.12.148/ide/plugins/com.nxp.mcuxpresso.tools.win32_24.12.0.202407110909/tools/bin/../lib/gcc/arm-none-eabi/13.2.1/../../../../arm-none-eabi/lib/thumb/v8-m.main+fp/hard\libcr_nohost_nf.a(_cr__main.o) (_initio)
C:/nxp/MCUXpressoIDE_24.12.148/ide/plugins/com.nxp.mcuxpresso.tools.win32_24.12.0.202407110909/tools/bin/../lib/gcc/arm-none-eabi/13.2.1/../../../../arm-none-eabi/lib/thumb/v8-m.main+fp/hard\libcr_c.a(scanf.o)
                              ./utilities/str/fsl_str.o (strtoul)
C:/nxp/MCUXpressoIDE_24.12.148/ide/plugins/com.nxp.mcuxpresso.tools.win32_24.12.0.202407110909/tools/bin/../lib/gcc/arm-none-eabi/13.2.1/../../../../arm-none-eabi/lib/thumb/v8-m.main+fp/hard\libcr_c.a(setvbuf.o)
                              C:/nxp/MCUXpressoIDE_24.12.148/ide/plugins/com.nxp.mcuxpresso.tools.win32_24.12.0.202407110909/tools/bin/../lib/gcc/arm-none-eabi/13.2.1/../../../../arm-none-eabi/lib/thumb/v8-m.main+fp/hard\libcr_c.a(initio.o) (setvbuf)
C:/nxp/MCUXpressoIDE_24.12.148/ide/plugins/com.nxp.mcuxpresso.tools.win32_24.12.0.202407110909/tools/bin/../lib/gcc/arm-none-eabi/13.2.1/../../../../arm-none-eabi/lib/thumb/v8-m.main+fp/hard\libcr_c.a(strlen.o)
                              ./utilities/str/fsl_str.o (strlen)
C:/nxp/MCUXpressoIDE_24.12.148/ide/plugins/com.nxp.mcuxpresso.tools.win32_24.12.0.202407110909/tools/bin/../lib/gcc/arm-none-eabi/13.2.1/../../../../arm-none-eabi/lib/thumb/v8-m.main+fp/hard\libcr_c.a(ungetc.o)
                              C:/nxp/MCUXpressoIDE_24.12.148/ide/plugins/com.nxp.mcuxpresso.tools.win32_24.12.0.202407110909/tools/bin/../lib/gcc/arm-none-eabi/13.2.1/../../../../arm-none-eabi/lib/thumb/v8-m.main+fp/hard\libcr_c.a(scanf.o) (ungetc)
C:/nxp/MCUXpressoIDE_24.12.148/ide/plugins/com.nxp.mcuxpresso.tools.win32_24.12.0.202407110909/tools/bin/../lib/gcc/arm-none-eabi/13.2.1/../../../../arm-none-eabi/lib/thumb/v8-m.main+fp/hard\libcr_c.a(__fillbuf.o)
                              C:/nxp/MCUXpressoIDE_24.12.148/ide/plugins/com.nxp.mcuxpresso.tools.win32_24.12.0.202407110909/tools/bin/../lib/gcc/arm-none-eabi/13.2.1/../../../../arm-none-eabi/lib/thumb/v8-m.main+fp/hard\libcr_c.a(scanf.o) (__filbuf)
C:/nxp/MCUXpressoIDE_24.12.148/ide/plugins/com.nxp.mcuxpresso.tools.win32_24.12.0.202407110909/tools/bin/../lib/gcc/arm-none-eabi/13.2.1/../../../../arm-none-eabi/lib/thumb/v8-m.main+fp/hard\libcr_c.a(__init_alloc.o)
                              C:/nxp/MCUXpressoIDE_24.12.148/ide/plugins/com.nxp.mcuxpresso.tools.win32_24.12.0.202407110909/tools/bin/../lib/gcc/arm-none-eabi/13.2.1/../../../../arm-none-eabi/lib/thumb/v8-m.main+fp/hard\libcr_c.a(alloc.o) (__heaps)
C:/nxp/MCUXpressoIDE_24.12.148/ide/plugins/com.nxp.mcuxpresso.tools.win32_24.12.0.202407110909/tools/bin/../lib/gcc/arm-none-eabi/13.2.1/../../../../arm-none-eabi/lib/thumb/v8-m.main+fp/hard\libcr_c.a(_cr_sbrk.o)
                              C:/nxp/MCUXpressoIDE_24.12.148/ide/plugins/com.nxp.mcuxpresso.tools.win32_24.12.0.202407110909/tools/bin/../lib/gcc/arm-none-eabi/13.2.1/../../../../arm-none-eabi/lib/thumb/v8-m.main+fp/hard\libcr_c.a(alloc.o) (_sbrk)
C:/nxp/MCUXpressoIDE_24.12.148/ide/plugins/com.nxp.mcuxpresso.tools.win32_24.12.0.202407110909/tools/bin/../lib/gcc/arm-none-eabi/13.2.1/../../../../arm-none-eabi/lib/thumb/v8-m.main+fp/hard\libcr_c.a(_deferredlazyseek.o)
[...]
Memory Configuration

Name             Origin             Length             Attributes
PROGRAM_FLASH0   0x00000000         0x00100000         xr
PROGRAM_FLASH1   0x00100000         0x00100000         xr
SRAM             0x20000000         0x00060000         xrw
SRAMX            0x04000000         0x00018000         xrw
SRAMH            0x20060000         0x00008000         xrw
USB_RAM          0x400ba000         0x00001000         xrw
*default*        0x00000000         0xffffffff

Linker script and memory map

LOAD ./utilities/str/fsl_str.o
LOAD ./utilities/debug_console_lite/fsl_debug_console.o
LOAD ./utilities/fsl_assert.o
LOAD ./utilities/fsl_memcpy.o
LOAD ./startup/boot_multicore_slave.o
LOAD ./startup/startup_mcxn947_cm33_core0.o
LOAD ./source/led_WS2812B.o
LOAD ./source/main.o
LOAD ./source/semihost_hardfault.o
LOAD ./drivers/fsl_clock.o
LOAD ./drivers/fsl_common.o
LOAD ./drivers/fsl_common_arm.o
LOAD ./drivers/fsl_ctimer.o
LOAD ./drivers/fsl_edma.o
LOAD ./drivers/fsl_edma_soc.o
LOAD ./drivers/fsl_gpio.o
LOAD ./drivers/fsl_lpflexcomm.o
LOAD ./drivers/fsl_lptmr.o
LOAD ./drivers/fsl_lpuart.o
LOAD ./drivers/fsl_reset.o
LOAD ./drivers/fsl_spc.o
LOAD ./device/system_MCXN947_cm33_core0.o
LOAD ./component/uart/fsl_adapter_lpuart.o
LOAD ./board/board.o
LOAD ./board/clock_config.o
LOAD ./board/hardware_init.o
LOAD ./board/pin_mux.o
START GROUP
LOAD C:/nxp/MCUXpressoIDE_24.12.148/ide/plugins/com.nxp.mcuxpresso.tools.win32_24.12.0.202407110909/tools/bin/../lib/gcc/arm-none-eabi/13.2.1/../../../../arm-none-eabi/lib/thumb/v8-m.main+fp/hard\libcr_nohost_nf.a
LOAD C:/nxp/MCUXpressoIDE_24.12.148/ide/plugins/com.nxp.mcuxpresso.tools.win32_24.12.0.202407110909/tools/bin/../lib/gcc/arm-none-eabi/13.2.1/../../../../arm-none-eabi/lib/thumb/v8-m.main+fp/hard\libcr_c.a
LOAD C:/nxp/MCUXpressoIDE_24.12.148/ide/plugins/com.nxp.mcuxpresso.tools.win32_24.12.0.202407110909/tools/bin/../lib/gcc/arm-none-eabi/13.2.1/thumb/v8-m.main+fp/hard\libcr_eabihelpers.a
LOAD C:/nxp/MCUXpressoIDE_24.12.148/ide/plugins/com.nxp.mcuxpresso.tools.win32_24.12.0.202407110909/tools/bin/../lib/gcc/arm-none-eabi/13.2.1/thumb/v8-m.main+fp/hard\libgcc.a
END GROUP
                0x00000000                        __base_PROGRAM_FLASH0 = 0x0
                0x00000000                        __base_Flash = 0x0
                0x00100000                        __top_PROGRAM_FLASH0 = 0x100000
                0x00100000                        __top_Flash = 0x100000
                0x00100000                        __base_PROGRAM_FLASH1 = 0x100000
                0x00100000                        __base_Flash2 = 0x100000
                0x00200000                        __top_PROGRAM_FLASH1 = 0x200000
                0x00200000                        __top_Flash2 = 0x200000
                0x20000000                        __base_SRAM = 0x20000000
                0x20000000                        __base_RAM = 0x20000000
                0x20060000                        __top_SRAM = 0x20060000
                0x20060000                        __top_RAM = 0x20060000
                0x04000000                        __base_SRAMX = 0x4000000
                0x04000000                        __base_RAM2 = 0x4000000
                0x04018000                        __top_SRAMX = 0x4018000
                0x04018000                        __top_RAM2 = 0x4018000
                0x20060000                        __base_SRAMH = 0x20060000
                0x20060000                        __base_RAM3 = 0x20060000
                0x20068000                        __top_SRAMH = 0x20068000
                0x20068000                        __top_RAM3 = 0x20068000
                0x400ba000                        __base_USB_RAM = 0x400ba000
                0x400ba000                        __base_RAM4 = 0x400ba000
                0x400bb000                        __top_USB_RAM = 0x400bb000
                0x400bb000                        __top_RAM4 = 0x400bb000

.text_Flash2    0x00100000        0x0
 FILL mask 0xff
 *(SORT_BY_ALIGNMENT(.text_Flash2))
 *(SORT_BY_ALIGNMENT(.text_PROGRAM_FLASH1))
 *(SORT_BY_ALIGNMENT(.text.$Flash2))
 *(SORT_BY_ALIGNMENT(.text.$PROGRAM_FLASH1))
 *(SORT_BY_ALIGNMENT(.text_Flash2.*))
 *(SORT_BY_ALIGNMENT(.text_PROGRAM_FLASH1.*))
 *(SORT_BY_ALIGNMENT(.text.$Flash2.*))
 *(SORT_BY_ALIGNMENT(.text.$PROGRAM_FLASH1.*))
 *(SORT_BY_ALIGNMENT(.rodata.$Flash2))
 *(SORT_BY_ALIGNMENT(.rodata.$PROGRAM_FLASH1))
 *(SORT_BY_ALIGNMENT(.rodata.$Flash2.*))
 *(SORT_BY_ALIGNMENT(.rodata.$PROGRAM_FLASH1.*))

.text           0x00000000     0x705c
 FILL mask 0xff
                0x00000000                        __vectors_start__ = ABSOLUTE (.)
 *(SORT_BY_ALIGNMENT(.isr_vector))
 .isr_vector    0x00000000      0x2b0 ./startup/startup_mcxn947_cm33_core0.o
                0x00000000                g_pfnVectors
                0x00000000                __Vectors
                0x000002b0                        . = ALIGN (0x4)
                0x000002b0                        __section_table_start = .
                0x000002b0                        __data_section_table = .
                0x000002b0        0x4 LONG 0x705c LOADADDR (.data)
                0x000002b4        0x4 LONG 0x20000000 ADDR (.data)
                0x000002b8        0x4 LONG 0x2c SIZEOF (.data)
                0x000002bc        0x4 LONG 0x705c LOADADDR (.data_RAM2)
                0x000002c0        0x4 LONG 0x4000000 ADDR (.data_RAM2)
                0x000002c4        0x4 LONG 0x0 SIZEOF (.data_RAM2)
                0x000002c8        0x4 LONG 0x705c LOADADDR (.data_RAM3)
                0x000002cc        0x4 LONG 0x20060000 ADDR (.data_RAM3)
                0x000002d0        0x4 LONG 0x0 SIZEOF (.data_RAM3)
                0x000002d4        0x4 LONG 0x705c LOADADDR (.data_RAM4)
                0x000002d8        0x4 LONG 0x400ba000 ADDR (.data_RAM4)
                0x000002dc        0x4 LONG 0x0 SIZEOF (.data_RAM4)
                0x000002e0                        __data_section_table_end = .
                0x000002e0                        __bss_section_table = .
                0x000002e0        0x4 LONG 0x2000002c ADDR (.bss)
                0x000002e4        0x4 LONG 0x2a84c SIZEOF (.bss)
                0x000002e8        0x4 LONG 0x4000000 ADDR (.bss_RAM2)
                0x000002ec        0x4 LONG 0x0 SIZEOF (.bss_RAM2)
                0x000002f0        0x4 LONG 0x20060000 ADDR (.bss_RAM3)
                0x000002f4        0x4 LONG 0x0 SIZEOF (.bss_RAM3)
                0x000002f8        0x4 LONG 0x400ba000 ADDR (.bss_RAM4)
                0x000002fc        0x4 LONG 0x0 SIZEOF (.bss_RAM4)
                0x00000300                        __bss_section_table_end = .
                0x00000300                        __section_table_end = .
 *(SORT_BY_ALIGNMENT(.after_vectors*))
 .after_vectors.reset
                0x00000300       0x68 ./startup/startup_mcxn947_cm33_core0.o
                0x00000300                ResetISR
 .after_vectors.init_data
                0x00000368       0x1e ./startup/startup_mcxn947_cm33_core0.o
                0x00000368                data_init
 .after_vectors.init_bss
                0x00000386       0x12 ./startup/startup_mcxn947_cm33_core0.o
                0x00000386                bss_init
 .after_vectors
                0x00000398       0x16 ./startup/startup_mcxn947_cm33_core0.o
                0x00000398                NMI_Handler
                0x0000039c                MemManage_Handler
                0x0000039e                BusFault_Handler
                0x000003a0                UsageFault_Handler
                0x000003a2                SecureFault_Handler
                0x000003a4                SVC_Handler
                0x000003a6                DebugMon_Handler
                0x000003a8                PendSV_Handler
                0x000003aa                SysTick_Handler
                0x000003ac                CMC0_DriverIRQHandler
                0x000003ac                PKC_ERR_DriverIRQHandler
                0x000003ac                SCG_DriverIRQHandler
                0x000003ac                FLEXPWM1_SUBMODULE1_DriverIRQHandler
                0x000003ac                FLEXPWM0_SUBMODULE1_DriverIRQHandler
                0x000003ac                LPTMR0_DriverIRQHandler
                0x000003ac                QDC1_HOME_DriverIRQHandler
                0x000003ac                I3C0_DriverIRQHandler
                0x000003ac                FLEXPWM0_RELOAD_ERROR_DriverIRQHandler
                0x000003ac                QDC0_HOME_DriverIRQHandler
                0x000003ac                Reserved167_DriverIRQHandler
                0x000003ac                SEC_VIO_DriverIRQHandler
                0x000003ac                ERM_MULTI_BIT_ERROR_DriverIRQHandler
                0x000003ac                GPIO31_DriverIRQHandler
                0x000003ac                EWM0_DriverIRQHandler
                0x000003ac                PKC_DriverIRQHandler
                0x000003ac                USB1_HS_PHY_DriverIRQHandler
                0x000003ac                QDC0_IDX_DriverIRQHandler
                0x000003ac                ELS_DriverIRQHandler
                0x000003ac                Reserved166_DriverIRQHandler
                0x000003ac                ETHERNET_DriverIRQHandler
                0x000003ac                QDC1_IDX_DriverIRQHandler
                0x000003ac                FLEXPWM1_SUBMODULE3_DriverIRQHandler
                0x000003ac                DAC1_DriverIRQHandler
                0x000003ac                EMVSIM0_DriverIRQHandler
                0x000003ac                ITRC0_DriverIRQHandler
                0x000003ac                ETB0_DriverIRQHandler
                0x000003ac                Freqme_DriverIRQHandler
                0x000003ac                Reserved80_DriverIRQHandler
                0x000003ac                USB0_FS_DriverIRQHandler
                0x000003ac                ELS_ERR_DriverIRQHandler
                0x000003ac                FLEXIO_DriverIRQHandler
                0x000003ac                DAC0_DriverIRQHandler
                0x000003ac                MRT0_DriverIRQHandler
                0x000003ac                UTICK0_DriverIRQHandler
                0x000003ac                FLEXPWM0_SUBMODULE2_DriverIRQHandler
                0x000003ac                GPIO01_DriverIRQHandler
                0x000003ac                WWDT0_DriverIRQHandler
                0x000003ac                USDHC0_DriverIRQHandler
                0x000003ac                GPIO00_DriverIRQHandler
                0x000003ac                GPIO11_DriverIRQHandler
                0x000003ac                BSP32_DriverIRQHandler
                0x000003ac                FLEXPWM0_FAULT_DriverIRQHandler
                0x000003ac                SAI1_DriverIRQHandler
                0x000003ac                ERM_SINGLE_BIT_ERROR_DriverIRQHandler
                0x000003ac                GPIO21_DriverIRQHandler
                0x000003ac                FLEXPWM1_FAULT_DriverIRQHandler
                0x000003ac                GPIO30_DriverIRQHandler
                0x000003ac                QDC0_COMPARE_DriverIRQHandler
                0x000003ac                WWDT1_DriverIRQHandler
                0x000003ac                ADC1_DriverIRQHandler
                0x000003ac                PQ_DriverIRQHandler
                0x000003ac                ETHERNET_MACLP_DriverIRQHandler
                0x000003ac                USB0_DCD_DriverIRQHandler
                0x000003ac                MAILBOX_DriverIRQHandler
                0x000003ac                WUU_DriverIRQHandler
                0x000003ac                FLEXPWM1_SUBMODULE0_DriverIRQHandler
                0x000003ac                CDOG1_DriverIRQHandler
                0x000003ac                TSI_OUT_OF_SCAN_DriverIRQHandler
                0x000003ac                PUF_DriverIRQHandler
                0x000003ac                SPC_DriverIRQHandler
                0x000003ac                RTC_DriverIRQHandler
                0x000003ac                VBAT0_DriverIRQHandler
                0x000003ac                Reserved65_DriverIRQHandler
                0x000003ac                HSCMP2_DriverIRQHandler
                0x000003ac                PINT0_DriverIRQHandler
                0x000003ac                PDM_EVENT_DriverIRQHandler
                0x000003ac                IntDefaultHandler
                0x000003ac                ETHERNET_PMT_DriverIRQHandler
                0x000003ac                FLEXPWM1_RELOAD_ERROR_DriverIRQHandler
                0x000003ac                FMU0_DriverIRQHandler
                0x000003ac                QDC1_COMPARE_DriverIRQHandler
                0x000003ac                LPTMR1_DriverIRQHandler
                0x000003ac                GPIO40_DriverIRQHandler
                0x000003ac                CTI0_DriverIRQHandler
                0x000003ac                FLEXPWM1_SUBMODULE2_DriverIRQHandler
                0x000003ac                GPIO20_DriverIRQHandler
                0x000003ac                QDC1_WDG_SAB_DriverIRQHandler
                0x000003ac                GDET_DriverIRQHandler
                0x000003ac                PORT_EFT_DriverIRQHandler
                0x000003ac                Reserved85_DriverIRQHandler
                0x000003ac                Reserved81_DriverIRQHandler
                0x000003ac                TSI_END_OF_SCAN_DriverIRQHandler
                0x000003ac                FLEXPWM0_SUBMODULE3_DriverIRQHandler
                0x000003ac                ADC0_DriverIRQHandler
                0x000003ac                OR_DriverIRQHandler
                0x000003ac                USB1_HS_DriverIRQHandler
                0x000003ac                DAC2_DriverIRQHandler
                0x000003ac                GPIO51_DriverIRQHandler
                0x000003ac                HSCMP0_DriverIRQHandler
                0x000003ac                QDC0_WDG_SAB_DriverIRQHandler
                0x000003ac                CDOG0_DriverIRQHandler
                0x000003ac                CAN0_DriverIRQHandler
                0x000003ac                SMARTDMA_DriverIRQHandler
                0x000003ac                SAI0_DriverIRQHandler
                0x000003ac                EMVSIM1_DriverIRQHandler
                0x000003ac                I3C1_DriverIRQHandler
                0x000003ac                HSCMP1_DriverIRQHandler
                0x000003ac                FLEXSPI0_DriverIRQHandler
                0x000003ac                GPIO50_DriverIRQHandler
                0x000003ac                GPIO10_DriverIRQHandler
                0x000003ac                SCT0_DriverIRQHandler
                0x000003ac                CAN1_DriverIRQHandler
                0x000003ac                PLU_DriverIRQHandler
                0x000003ac                FLEXPWM0_SUBMODULE0_DriverIRQHandler
                0x000003ac                OS_EVENT_DriverIRQHandler
                0x000003ac                SINC_FILTER_DriverIRQHandler
                0x000003ac                NPU_DriverIRQHandler
                0x000003ac                GPIO41_DriverIRQHandler
                0x000003ac                SEC_HYPERVISOR_CALL_DriverIRQHandler
 *(SORT_BY_ALIGNMENT(.text*))
 *fill*         0x000003ae        0x2 ff
 .text.ctimer_init
                0x000003b0       0xcc ./source/main.o
                0x000003b0                ctimer_init
 .text.DbgConsole_Init
                0x0000047c       0x88 ./utilities/debug_console_lite/fsl_debug_console.o
                0x0000047c                DbgConsole_Init
 .text.DbgConsole_Vprintf
                0x00000504       0x3c ./utilities/debug_console_lite/fsl_debug_console.o
                0x00000504                DbgConsole_Vprintf
 .text.DbgConsole_Putchar
                0x00000540       0x30 ./utilities/debug_console_lite/fsl_debug_console.o
                0x00000540                DbgConsole_Putchar
 .text.DbgConsole_PrintfFormattedData
                0x00000570      0x3e0 ./utilities/debug_console_lite/fsl_debug_console.o
 .text.__assertion_failed
                0x00000950       0x2c ./utilities/fsl_assert.o
                0x00000950                __assertion_failed
 .text          0x0000097c       0xa0 ./utilities/fsl_memcpy.o
                0x0000097c                memcpy
 .text.led_ws2812b_prepare_buff
                0x00000a1c       0x9c ./source/led_WS2812B.o
                0x00000a1c                led_ws2812b_prepare_buff
 .text.led_ws2812b_get_buff_ptr
                0x00000ab8       0x14 ./source/led_WS2812B.o
                0x00000ab8                led_ws2812b_get_buff_ptr
 .text.__NVIC_EnableIRQ
                0x00000acc       0x3c ./source/main.o
 .text.EDMA_SetChannelMux
                0x00000b08       0x4c ./source/main.o
 .text.LPTMR_SetTimerPeriod
                0x00000b54       0x2c ./source/main.o
 .text.EDMA_Callback
                0x00000b80       0x28 ./source/main.o
                0x00000b80                EDMA_Callback
 .text.main     0x00000ba8       0x98 ./source/main.o
                0x00000ba8                main
 .text.DMA_init
                0x00000c40       0x68 ./source/main.o
                0x00000c40                DMA_init
 .text.lptmr_init
                0x00000ca8       0x44 ./source/main.o
                0x00000ca8                lptmr_init
 .text.DMA_set_transfer
                0x00000cec       0x50 ./source/main.o
                0x00000cec                DMA_set_transfer
 .text.LPTMR0_IRQHandler
                0x00000d3c       0x2c ./source/main.o
                0x00000d3c                LPTMR0_IRQHandler
 .text.CLOCK_IsPLL0Locked
                0x00000d68       0x28 ./drivers/fsl_clock.o
 .text.CLOCK_IsPLL1Locked
                0x00000d90       0x28 ./drivers/fsl_clock.o
 .text.CLOCK_SetupFROHFClocking
                0x00000db8       0x9c ./drivers/fsl_clock.o
                0x00000db8                CLOCK_SetupFROHFClocking
 .text.CLOCK_SetupClk16KClocking
                0x00000e54       0x70 ./drivers/fsl_clock.o
                0x00000e54                CLOCK_SetupClk16KClocking
 .text.CLOCK_SetPll0MonitorMode
                0x00000ec4       0x38 ./drivers/fsl_clock.o
                0x00000ec4                CLOCK_SetPll0MonitorMode
 .text.CLOCK_AttachClk
                0x00000efc       0xb0 ./drivers/fsl_clock.o
                0x00000efc                CLOCK_AttachClk
 .text.CLOCK_SetClkDiv
                0x00000fac       0x54 ./drivers/fsl_clock.o
                0x00000fac                CLOCK_SetClkDiv
 .text.CLOCK_GetCTimerClkFreq
                0x00001000       0xfc ./drivers/fsl_clock.o
                0x00001000                CLOCK_GetCTimerClkFreq
 .text.CLOCK_GetSaiMclkFreq
                0x000010fc       0x20 ./drivers/fsl_clock.o
                0x000010fc                CLOCK_GetSaiMclkFreq
 .text.CLOCK_GetSaiTxBclkFreq
                0x0000111c       0x20 ./drivers/fsl_clock.o
                0x0000111c                CLOCK_GetSaiTxBclkFreq
 .text.CLOCK_GetSaiRxBclkFreq
                0x0000113c       0x20 ./drivers/fsl_clock.o
                0x0000113c                CLOCK_GetSaiRxBclkFreq
 .text.CLOCK_GetPLL0InClockRate
                0x0000115c       0x58 ./drivers/fsl_clock.o
                0x0000115c                CLOCK_GetPLL0InClockRate
 .text.CLOCK_GetPLL1InClockRate
                0x000011b4       0x58 ./drivers/fsl_clock.o
                0x000011b4                CLOCK_GetPLL1InClockRate
 .text.CLOCK_SetPLL0Freq
                0x0000120c      0x10c ./drivers/fsl_clock.o
                0x0000120c                CLOCK_SetPLL0Freq
 .text.CLOCK_GetFro12MFreq
                0x00001318       0x2c ./drivers/fsl_clock.o
 .text.CLOCK_GetClk1MFreq
                0x00001344       0x14 ./drivers/fsl_clock.o
 .text.CLOCK_GetFroHfFreq
                0x00001358       0x4c ./drivers/fsl_clock.o
 .text.CLOCK_GetClk48MFreq
                0x000013a4       0x2c ./drivers/fsl_clock.o
 .text.CLOCK_GetClk16KFreq
                0x000013d0       0x44 ./drivers/fsl_clock.o
 .text.CLOCK_GetExtClkFreq
                0x00001414       0x2c ./drivers/fsl_clock.o
 .text.CLOCK_GetOsc32KFreq
                0x00001440       0x4c ./drivers/fsl_clock.o
 .text.CLOCK_GetLposcFreq
                0x0000148c       0x48 ./drivers/fsl_clock.o
 .text.findPll0PreDiv
                0x000014d4       0x40 ./drivers/fsl_clock.o
 .text.findPll1PreDiv
                0x00001514       0x40 ./drivers/fsl_clock.o
 .text.findPll0PostDiv
                0x00001554       0x60 ./drivers/fsl_clock.o
 .text.findPll1PostDiv
                0x000015b4       0x60 ./drivers/fsl_clock.o
 .text.findPll0MMult
                0x00001614       0xac ./drivers/fsl_clock.o
 .text.findPll1MMult
                0x000016c0       0xac ./drivers/fsl_clock.o
 .text.CTIMER_GetInstance
                0x0000176c       0x54 ./drivers/fsl_ctimer.o
 .text.CTIMER_Init
                0x000017c0       0x74 ./drivers/fsl_ctimer.o
                0x000017c0                CTIMER_Init
 .text.CTIMER_GetDefaultConfig
                0x00001834       0x3c ./drivers/fsl_ctimer.o
                0x00001834                CTIMER_GetDefaultConfig
 .text.CTIMER_GenericIRQHandler
                0x00001870       0xb4 ./drivers/fsl_ctimer.o
 .text.__NVIC_EnableIRQ
                0x00001924       0x3c ./drivers/fsl_edma.o
 .text.EDMA_SetChannelMux
                0x00001960       0x4c ./drivers/fsl_edma.o
 .text.EDMA_EnableChannelMasterIDReplication
                0x000019ac       0x70 ./drivers/fsl_edma.o
 .text.EDMA_SetChannelSecurityLevel
                0x00001a1c       0x70 ./drivers/fsl_edma.o
 .text.EDMA_SetChannelProtectionLevel
                0x00001a8c       0x70 ./drivers/fsl_edma.o
 .text.EDMA_GetInstance
                0x00001afc       0x4c ./drivers/fsl_edma.o
 .text.EDMA_InstallTCD
                0x00001b48       0xfc ./drivers/fsl_edma.o
                0x00001b48                EDMA_InstallTCD
 .text.EDMA_Init
                0x00001c44       0xdc ./drivers/fsl_edma.o
                0x00001c44                EDMA_Init
 .text.EDMA_InitChannel
                0x00001d20       0x70 ./drivers/fsl_edma.o
                0x00001d20                EDMA_InitChannel
 .text.EDMA_GetDefaultConfig
                0x00001d90       0x48 ./drivers/fsl_edma.o
                0x00001d90                EDMA_GetDefaultConfig
 .text.EDMA_ResetChannel
                0x00001dd8       0x40 ./drivers/fsl_edma.o
                0x00001dd8                EDMA_ResetChannel
 .text.EDMA_SetChannelPreemptionConfig
                0x00001e18       0x6c ./drivers/fsl_edma.o
                0x00001e18                EDMA_SetChannelPreemptionConfig
 .text.EDMA_TcdResetExt
                0x00001e84       0x78 ./drivers/fsl_edma.o
                0x00001e84                EDMA_TcdResetExt
 .text.EDMA_TcdSetTransferConfigExt
                0x00001efc       0x78 ./drivers/fsl_edma.o
                0x00001efc                EDMA_TcdSetTransferConfigExt
 .text.EDMA_ConfigChannelSoftwareTCDExt
                0x00001f74      0x3a8 ./drivers/fsl_edma.o
                0x00001f74                EDMA_ConfigChannelSoftwareTCDExt
 .text.EDMA_ClearChannelStatusFlags
                0x0000231c       0x94 ./drivers/fsl_edma.o
                0x0000231c                EDMA_ClearChannelStatusFlags
 .text.EDMA_CreateHandle
                0x000023b0       0xec ./drivers/fsl_edma.o
                0x000023b0                EDMA_CreateHandle
 .text.EDMA_InstallTCDMemory
                0x0000249c       0x54 ./drivers/fsl_edma.o
                0x0000249c                EDMA_InstallTCDMemory
 .text.EDMA_SetCallback
                0x000024f0       0x30 ./drivers/fsl_edma.o
                0x000024f0                EDMA_SetCallback
 .text.EDMA_TransferWidthMapping
                0x00002520       0xd4 ./drivers/fsl_edma.o
 .text.EDMA_PrepareTransferConfig
                0x000025f4      0x15c ./drivers/fsl_edma.o
                0x000025f4                EDMA_PrepareTransferConfig
 .text.EDMA_PrepareTransfer
                0x00002750       0xa4 ./drivers/fsl_edma.o
                0x00002750                EDMA_PrepareTransfer
 .text.EDMA_SubmitTransfer
                0x000027f4      0x2a4 ./drivers/fsl_edma.o
                0x000027f4                EDMA_SubmitTransfer
 .text.EDMA_StartTransfer
                0x00002a98       0x9c ./drivers/fsl_edma.o
                0x00002a98                EDMA_StartTransfer
 .text.EDMA_StopTransfer
                0x00002b34       0x34 ./drivers/fsl_edma.o
                0x00002b34                EDMA_StopTransfer
 .text.EDMA_HandleIRQ
                0x00002b68      0x1a4 ./drivers/fsl_edma.o
                0x00002b68                EDMA_HandleIRQ
 .text.EDMA_DriverIRQHandler
                0x00002d0c       0x4c ./drivers/fsl_edma.o
                0x00002d0c                EDMA_DriverIRQHandler
 .text.GPIO_GetInstance
                0x00002d58       0x4c ./drivers/fsl_gpio.o
 .text.GPIO_PortClockEnable
                0x00002da4       0x48 ./drivers/fsl_gpio.o
 .text.GPIO_PinInit
                0x00002dec       0x6c ./drivers/fsl_gpio.o
                0x00002dec                GPIO_PinInit
 .text.LP_FLEXCOMM_GetInterruptStatus
                0x00002e58       0x28 ./drivers/fsl_lpflexcomm.o
                0x00002e58                LP_FLEXCOMM_GetInterruptStatus
 .text.LP_FLEXCOMM_SetPeriph
                0x00002e80       0x94 ./drivers/fsl_lpflexcomm.o
 .text.LP_FLEXCOMM_Init
                0x00002f14       0x58 ./drivers/fsl_lpflexcomm.o
                0x00002f14                LP_FLEXCOMM_Init
 .text.LP_FLEXCOMM_CommonIRQHandler
                0x00002f6c       0xb8 ./drivers/fsl_lpflexcomm.o
 .text.LPTMR_Init
                0x00003024       0x78 ./drivers/fsl_lptmr.o
                0x00003024                LPTMR_Init
 .text.LPTMR_GetDefaultConfig
                0x0000309c       0x54 ./drivers/fsl_lptmr.o
                0x0000309c                LPTMR_GetDefaultConfig
 .text.LPUART_GetInstance
                0x000030f0       0x4c ./drivers/fsl_lpuart.o
                0x000030f0                LPUART_GetInstance
 .text.LPUART_Init
                0x0000313c      0x3b4 ./drivers/fsl_lpuart.o
                0x0000313c                LPUART_Init
 .text.LPUART_GetDefaultConfig
                0x000034f0       0x8c ./drivers/fsl_lpuart.o
                0x000034f0                LPUART_GetDefaultConfig
 .text.LPUART_GetStatusFlags
                0x0000357c       0x60 ./drivers/fsl_lpuart.o
                0x0000357c                LPUART_GetStatusFlags
 .text.LPUART_ClearStatusFlags
                0x000035dc       0x94 ./drivers/fsl_lpuart.o
                0x000035dc                LPUART_ClearStatusFlags
 .text.LPUART_WriteBlocking
                0x00003670       0x68 ./drivers/fsl_lpuart.o
                0x00003670                LPUART_WriteBlocking
 .text.LPUART_ReadBlocking
                0x000036d8      0x160 ./drivers/fsl_lpuart.o
                0x000036d8                LPUART_ReadBlocking
 .text.RESET_SetPeripheralReset
                0x00003838       0x64 ./drivers/fsl_reset.o
                0x00003838                RESET_SetPeripheralReset
 .text.RESET_ClearPeripheralReset
                0x0000389c       0x64 ./drivers/fsl_reset.o
                0x0000389c                RESET_ClearPeripheralReset
 .text.SPC_SetSRAMOperateVoltage
                0x00003900       0x58 ./drivers/fsl_spc.o
                0x00003900                SPC_SetSRAMOperateVoltage
 .text.SPC_SetActiveModeCoreLDORegulatorConfig
                0x00003958       0x94 ./drivers/fsl_spc.o
                0x00003958                SPC_SetActiveModeCoreLDORegulatorConfig
 .text.SPC_SetActiveModeDCDCRegulatorConfig
                0x000039ec       0x68 ./drivers/fsl_spc.o
                0x000039ec                SPC_SetActiveModeDCDCRegulatorConfig
 .text.SystemInit
                0x00003a54      0x124 ./device/system_MCXN947_cm33_core0.o
                0x00003a54                SystemInit
 .text.HAL_UartInitCommon
                0x00003b78       0xe4 ./component/uart/fsl_adapter_lpuart.o
 .text.HAL_UartInit
                0x00003c5c       0x84 ./component/uart/fsl_adapter_lpuart.o
                0x00003c5c                HAL_UartInit
 .text.HAL_UartReceiveBlocking
                0x00003ce0       0x6c ./component/uart/fsl_adapter_lpuart.o
                0x00003ce0                HAL_UartReceiveBlocking
 .text.HAL_UartSendBlocking
                0x00003d4c       0x64 ./component/uart/fsl_adapter_lpuart.o
                0x00003d4c                HAL_UartSendBlocking
 .text.BOARD_InitDebugConsole
                0x00003db0       0x38 ./board/board.o
                0x00003db0                BOARD_InitDebugConsole
 .text.BOARD_BootClockPLL150M
                0x00003de8       0xd8 ./board/clock_config.o
                0x00003de8                BOARD_BootClockPLL150M
 .text.PORT_SetPinConfig
                0x00003ec0       0x38 ./board/pin_mux.o
 .text.BOARD_InitPins
                0x00003ef8       0x78 ./board/pin_mux.o
                0x00003ef8                BOARD_InitPins
 .text._initio  0x00003f70       0x78 C:/nxp/MCUXpressoIDE_24.12.148/ide/plugins/com.nxp.mcuxpresso.tools.win32_24.12.0.202407110909/tools/bin/../lib/gcc/arm-none-eabi/13.2.1/../../../../arm-none-eabi/lib/thumb/v8-m.main+fp/hard\libcr_c.a(initio.o)
                0x00003f70                _initio
 .text._Cwritebuf
                0x00003fe8       0x6c C:/nxp/MCUXpressoIDE_24.12.148/ide/plugins/com.nxp.mcuxpresso.tools.win32_24.12.0.202407110909/tools/bin/../lib/gcc/arm-none-eabi/13.2.1/../../../../arm-none-eabi/lib/thumb/v8-m.main+fp/hard\libcr_c.a(_writebuf.o)
                0x00003fe8                _Cwritebuf
 .text.fflush   0x00004054       0x3c C:/nxp/MCUXpressoIDE_24.12.148/ide/plugins/com.nxp.mcuxpresso.tools.win32_24.12.0.202407110909/tools/bin/../lib/gcc/arm-none-eabi/13.2.1/../../../../arm-none-eabi/lib/thumb/v8-m.main+fp/hard\libcr_c.a(fflush.o)
                0x00004054                fflush
 .text.fseek    0x00004090       0xf8 C:/nxp/MCUXpressoIDE_24.12.148/ide/plugins/com.nxp.mcuxpresso.tools.win32_24.12.0.202407110909/tools/bin/../lib/gcc/arm-none-eabi/13.2.1/../../../../arm-none-eabi/lib/thumb/v8-m.main+fp/hard\libcr_c.a(fseek.o)
                0x00004090                fseek
 .text.ftell    0x00004188       0x44 C:/nxp/MCUXpressoIDE_24.12.148/ide/plugins/com.nxp.mcuxpresso.tools.win32_24.12.0.202407110909/tools/bin/../lib/gcc/arm-none-eabi/13.2.1/../../../../arm-none-eabi/lib/thumb/v8-m.main+fp/hard\libcr_c.a(ftell.o)
                0x00004188                ftell
 .text.DbgConsole_Printf
                0x000041cc       0x2c ./utilities/debug_console_lite/fsl_debug_console.o
                0x000041cc                DbgConsole_Printf
 .text.DbgConsole_PrintfPaddingCharacter
                0x000041f8       0x40 ./utilities/debug_console_lite/fsl_debug_console.o
 .text.DbgConsole_ConvertRadixNumToString
                0x00004238       0xc2 ./utilities/debug_console_lite/fsl_debug_console.o
 .text.fsl_assert_hook
                0x000042fa       0x1a ./utilities/fsl_assert.o
                0x000042fa                fsl_assert_hook
 .text.OR_IRQHandler
                0x00004314        0x8 ./startup/startup_mcxn947_cm33_core0.o
                0x00004314                OR_IRQHandler
 .text.EDMA_0_CH0_IRQHandler
                0x0000431c        0x8 ./startup/startup_mcxn947_cm33_core0.o
                0x0000431c                EDMA_0_CH0_IRQHandler
 .text.EDMA_0_CH1_IRQHandler
                0x00004324        0x8 ./startup/startup_mcxn947_cm33_core0.o
                0x00004324                EDMA_0_CH1_IRQHandler
 .text.EDMA_0_CH2_IRQHandler
                0x0000432c        0x8 ./startup/startup_mcxn947_cm33_core0.o
                0x0000432c                EDMA_0_CH2_IRQHandler
 .text.EDMA_0_CH3_IRQHandler
                0x00004334        0x8 ./startup/startup_mcxn947_cm33_core0.o
                0x00004334                EDMA_0_CH3_IRQHandler
 .text.EDMA_0_CH4_IRQHandler
                0x0000433c        0x8 ./startup/startup_mcxn947_cm33_core0.o
                0x0000433c                EDMA_0_CH4_IRQHandler
 .text.EDMA_0_CH5_IRQHandler
                0x00004344        0x8 ./startup/startup_mcxn947_cm33_core0.o
                0x00004344                EDMA_0_CH5_IRQHandler
 .text.EDMA_0_CH6_IRQHandler
                0x0000434c        0x8 ./startup/startup_mcxn947_cm33_core0.o
                0x0000434c                EDMA_0_CH6_IRQHandler
 .text.EDMA_0_CH7_IRQHandler
                0x00004354        0x8 ./startup/startup_mcxn947_cm33_core0.o
                0x00004354                EDMA_0_CH7_IRQHandler
 .text.EDMA_0_CH8_IRQHandler
                0x0000435c        0x8 ./startup/startup_mcxn947_cm33_core0.o
                0x0000435c                EDMA_0_CH8_IRQHandler
 .text.EDMA_0_CH9_IRQHandler
                0x00004364        0x8 ./startup/startup_mcxn947_cm33_core0.o
                0x00004364                EDMA_0_CH9_IRQHandler
 .text.EDMA_0_CH10_IRQHandler
                0x0000436c        0x8 ./startup/startup_mcxn947_cm33_core0.o
                0x0000436c                EDMA_0_CH10_IRQHandler
 .text.EDMA_0_CH11_IRQHandler
                0x00004374        0x8 ./startup/startup_mcxn947_cm33_core0.o
                0x00004374                EDMA_0_CH11_IRQHandler
 .text.EDMA_0_CH12_IRQHandler
                0x0000437c        0x8 ./startup/startup_mcxn947_cm33_core0.o
                0x0000437c                EDMA_0_CH12_IRQHandler
 .text.EDMA_0_CH13_IRQHandler
                0x00004384        0x8 ./startup/startup_mcxn947_cm33_core0.o
                0x00004384                EDMA_0_CH13_IRQHandler
 .text.EDMA_0_CH14_IRQHandler
                0x0000438c        0x8 ./startup/startup_mcxn947_cm33_core0.o
                0x0000438c                EDMA_0_CH14_IRQHandler
 .text.EDMA_0_CH15_IRQHandler
                0x00004394        0x8 ./startup/startup_mcxn947_cm33_core0.o
                0x00004394                EDMA_0_CH15_IRQHandler
 .text.GPIO00_IRQHandler
                0x0000439c        0x8 ./startup/startup_mcxn947_cm33_core0.o
                0x0000439c                GPIO00_IRQHandler
 .text.GPIO01_IRQHandler
                0x000043a4        0x8 ./startup/startup_mcxn947_cm33_core0.o
                0x000043a4                GPIO01_IRQHandler
 .text.GPIO10_IRQHandler
                0x000043ac        0x8 ./startup/startup_mcxn947_cm33_core0.o
                0x000043ac                GPIO10_IRQHandler
 .text.GPIO11_IRQHandler
                0x000043b4        0x8 ./startup/startup_mcxn947_cm33_core0.o
                0x000043b4                GPIO11_IRQHandler
 .text.GPIO20_IRQHandler
                0x000043bc        0x8 ./startup/startup_mcxn947_cm33_core0.o
                0x000043bc                GPIO20_IRQHandler
 .text.GPIO21_IRQHandler
                0x000043c4        0x8 ./startup/startup_mcxn947_cm33_core0.o
                0x000043c4                GPIO21_IRQHandler
 .text.GPIO30_IRQHandler
                0x000043cc        0x8 ./startup/startup_mcxn947_cm33_core0.o
                0x000043cc                GPIO30_IRQHandler
 .text.GPIO31_IRQHandler
                0x000043d4        0x8 ./startup/startup_mcxn947_cm33_core0.o
                0x000043d4                GPIO31_IRQHandler
 .text.GPIO40_IRQHandler
                0x000043dc        0x8 ./startup/startup_mcxn947_cm33_core0.o
                0x000043dc                GPIO40_IRQHandler
 .text.GPIO41_IRQHandler
                0x000043e4        0x8 ./startup/startup_mcxn947_cm33_core0.o
                0x000043e4                GPIO41_IRQHandler
 .text.GPIO50_IRQHandler
                0x000043ec        0x8 ./startup/startup_mcxn947_cm33_core0.o
                0x000043ec                GPIO50_IRQHandler
 .text.GPIO51_IRQHandler
                0x000043f4        0x8 ./startup/startup_mcxn947_cm33_core0.o
                0x000043f4                GPIO51_IRQHandler
 .text.UTICK0_IRQHandler
                0x000043fc        0x8 ./startup/startup_mcxn947_cm33_core0.o
                0x000043fc                UTICK0_IRQHandler
 .text.MRT0_IRQHandler
                0x00004404        0x8 ./startup/startup_mcxn947_cm33_core0.o
                0x00004404                MRT0_IRQHandler
 .text.CTIMER0_IRQHandler
                0x0000440c        0x8 ./startup/startup_mcxn947_cm33_core0.o
                0x0000440c                CTIMER0_IRQHandler
 .text.CTIMER1_IRQHandler
                0x00004414        0x8 ./startup/startup_mcxn947_cm33_core0.o
                0x00004414                CTIMER1_IRQHandler
 .text.SCT0_IRQHandler
                0x0000441c        0x8 ./startup/startup_mcxn947_cm33_core0.o
                0x0000441c                SCT0_IRQHandler
 .text.CTIMER2_IRQHandler
                0x00004424        0x8 ./startup/startup_mcxn947_cm33_core0.o
                0x00004424                CTIMER2_IRQHandler
 .text.LP_FLEXCOMM0_IRQHandler
                0x0000442c        0x8 ./startup/startup_mcxn947_cm33_core0.o
                0x0000442c                LP_FLEXCOMM0_IRQHandler
 .text.LP_FLEXCOMM1_IRQHandler
                0x00004434        0x8 ./startup/startup_mcxn947_cm33_core0.o
                0x00004434                LP_FLEXCOMM1_IRQHandler
 .text.LP_FLEXCOMM2_IRQHandler
                0x0000443c        0x8 ./startup/startup_mcxn947_cm33_core0.o
                0x0000443c                LP_FLEXCOMM2_IRQHandler
 .text.LP_FLEXCOMM3_IRQHandler
                0x00004444        0x8 ./startup/startup_mcxn947_cm33_core0.o
                0x00004444                LP_FLEXCOMM3_IRQHandler
 .text.LP_FLEXCOMM4_IRQHandler
                0x0000444c        0x8 ./startup/startup_mcxn947_cm33_core0.o
                0x0000444c                LP_FLEXCOMM4_IRQHandler
 .text.LP_FLEXCOMM5_IRQHandler
                0x00004454        0x8 ./startup/startup_mcxn947_cm33_core0.o
                0x00004454                LP_FLEXCOMM5_IRQHandler
 .text.LP_FLEXCOMM6_IRQHandler
                0x0000445c        0x8 ./startup/startup_mcxn947_cm33_core0.o
                0x0000445c                LP_FLEXCOMM6_IRQHandler
 .text.LP_FLEXCOMM7_IRQHandler
                0x00004464        0x8 ./startup/startup_mcxn947_cm33_core0.o
                0x00004464                LP_FLEXCOMM7_IRQHandler
 .text.LP_FLEXCOMM8_IRQHandler
                0x0000446c        0x8 ./startup/startup_mcxn947_cm33_core0.o
                0x0000446c                LP_FLEXCOMM8_IRQHandler
 .text.LP_FLEXCOMM9_IRQHandler
                0x00004474        0x8 ./startup/startup_mcxn947_cm33_core0.o
                0x00004474                LP_FLEXCOMM9_IRQHandler
 .text.ADC0_IRQHandler
                0x0000447c        0x8 ./startup/startup_mcxn947_cm33_core0.o
                0x0000447c                ADC0_IRQHandler
 .text.ADC1_IRQHandler
                0x00004484        0x8 ./startup/startup_mcxn947_cm33_core0.o
                0x00004484                ADC1_IRQHandler
 .text.PINT0_IRQHandler
                0x0000448c        0x8 ./startup/startup_mcxn947_cm33_core0.o
                0x0000448c                PINT0_IRQHandler
 .text.PDM_EVENT_IRQHandler
                0x00004494        0x8 ./startup/startup_mcxn947_cm33_core0.o
                0x00004494                PDM_EVENT_IRQHandler
 .text.Reserved65_IRQHandler
                0x0000449c        0x8 ./startup/startup_mcxn947_cm33_core0.o
                0x0000449c                Reserved65_IRQHandler
 .text.USB0_FS_IRQHandler
                0x000044a4        0x8 ./startup/startup_mcxn947_cm33_core0.o
                0x000044a4                USB0_FS_IRQHandler
 .text.USB0_DCD_IRQHandler
                0x000044ac        0x8 ./startup/startup_mcxn947_cm33_core0.o
                0x000044ac                USB0_DCD_IRQHandler
 .text.RTC_IRQHandler
                0x000044b4        0x8 ./startup/startup_mcxn947_cm33_core0.o
                0x000044b4                RTC_IRQHandler
 .text.SMARTDMA_IRQHandler
                0x000044bc        0x8 ./startup/startup_mcxn947_cm33_core0.o
                0x000044bc                SMARTDMA_IRQHandler
 .text.MAILBOX_IRQHandler
                0x000044c4        0x8 ./startup/startup_mcxn947_cm33_core0.o
                0x000044c4                MAILBOX_IRQHandler
 .text.CTIMER3_IRQHandler
                0x000044cc        0x8 ./startup/startup_mcxn947_cm33_core0.o
                0x000044cc                CTIMER3_IRQHandler
 .text.CTIMER4_IRQHandler
                0x000044d4        0x8 ./startup/startup_mcxn947_cm33_core0.o
                0x000044d4                CTIMER4_IRQHandler
 .text.OS_EVENT_IRQHandler
                0x000044dc        0x8 ./startup/startup_mcxn947_cm33_core0.o
                0x000044dc                OS_EVENT_IRQHandler
 .text.FLEXSPI0_IRQHandler
                0x000044e4        0x8 ./startup/startup_mcxn947_cm33_core0.o
                0x000044e4                FLEXSPI0_IRQHandler
 .text.SAI0_IRQHandler
                0x000044ec        0x8 ./startup/startup_mcxn947_cm33_core0.o
                0x000044ec                SAI0_IRQHandler
 .text.SAI1_IRQHandler
                0x000044f4        0x8 ./startup/startup_mcxn947_cm33_core0.o
                0x000044f4                SAI1_IRQHandler
 .text.USDHC0_IRQHandler
                0x000044fc        0x8 ./startup/startup_mcxn947_cm33_core0.o
                0x000044fc                USDHC0_IRQHandler
 .text.CAN0_IRQHandler
                0x00004504        0x8 ./startup/startup_mcxn947_cm33_core0.o
                0x00004504                CAN0_IRQHandler
 .text.CAN1_IRQHandler
                0x0000450c        0x8 ./startup/startup_mcxn947_cm33_core0.o
                0x0000450c                CAN1_IRQHandler
 .text.Reserved80_IRQHandler
                0x00004514        0x8 ./startup/startup_mcxn947_cm33_core0.o
                0x00004514                Reserved80_IRQHandler
 .text.Reserved81_IRQHandler
                0x0000451c        0x8 ./startup/startup_mcxn947_cm33_core0.o
                0x0000451c                Reserved81_IRQHandler
 .text.USB1_HS_PHY_IRQHandler
                0x00004524        0x8 ./startup/startup_mcxn947_cm33_core0.o
                0x00004524                USB1_HS_PHY_IRQHandler
 .text.USB1_HS_IRQHandler
                0x0000452c        0x8 ./startup/startup_mcxn947_cm33_core0.o
                0x0000452c                USB1_HS_IRQHandler
 .text.SEC_HYPERVISOR_CALL_IRQHandler
                0x00004534        0x8 ./startup/startup_mcxn947_cm33_core0.o
                0x00004534                SEC_HYPERVISOR_CALL_IRQHandler
 .text.Reserved85_IRQHandler
                0x0000453c        0x8 ./startup/startup_mcxn947_cm33_core0.o
                0x0000453c                Reserved85_IRQHandler
 .text.PLU_IRQHandler
                0x00004544        0x8 ./startup/startup_mcxn947_cm33_core0.o
                0x00004544                PLU_IRQHandler
 .text.Freqme_IRQHandler
                0x0000454c        0x8 ./startup/startup_mcxn947_cm33_core0.o
                0x0000454c                Freqme_IRQHandler
 .text.SEC_VIO_IRQHandler
                0x00004554        0x8 ./startup/startup_mcxn947_cm33_core0.o
                0x00004554                SEC_VIO_IRQHandler
 .text.ELS_IRQHandler
                0x0000455c        0x8 ./startup/startup_mcxn947_cm33_core0.o
                0x0000455c                ELS_IRQHandler
 .text.PKC_IRQHandler
                0x00004564        0x8 ./startup/startup_mcxn947_cm33_core0.o
                0x00004564                PKC_IRQHandler
 .text.PUF_IRQHandler
                0x0000456c        0x8 ./startup/startup_mcxn947_cm33_core0.o
                0x0000456c                PUF_IRQHandler
 .text.PQ_IRQHandler
                0x00004574        0x8 ./startup/startup_mcxn947_cm33_core0.o
                0x00004574                PQ_IRQHandler
 .text.EDMA_1_CH0_IRQHandler
                0x0000457c        0x8 ./startup/startup_mcxn947_cm33_core0.o
                0x0000457c                EDMA_1_CH0_IRQHandler
 .text.EDMA_1_CH1_IRQHandler
                0x00004584        0x8 ./startup/startup_mcxn947_cm33_core0.o
                0x00004584                EDMA_1_CH1_IRQHandler
 .text.EDMA_1_CH2_IRQHandler
                0x0000458c        0x8 ./startup/startup_mcxn947_cm33_core0.o
                0x0000458c                EDMA_1_CH2_IRQHandler
 .text.EDMA_1_CH3_IRQHandler
                0x00004594        0x8 ./startup/startup_mcxn947_cm33_core0.o
                0x00004594                EDMA_1_CH3_IRQHandler
 .text.EDMA_1_CH4_IRQHandler
                0x0000459c        0x8 ./startup/startup_mcxn947_cm33_core0.o
                0x0000459c                EDMA_1_CH4_IRQHandler
 .text.EDMA_1_CH5_IRQHandler
                0x000045a4        0x8 ./startup/startup_mcxn947_cm33_core0.o
                0x000045a4                EDMA_1_CH5_IRQHandler
 .text.EDMA_1_CH6_IRQHandler
                0x000045ac        0x8 ./startup/startup_mcxn947_cm33_core0.o
                0x000045ac                EDMA_1_CH6_IRQHandler
 .text.EDMA_1_CH7_IRQHandler
                0x000045b4        0x8 ./startup/startup_mcxn947_cm33_core0.o
                0x000045b4                EDMA_1_CH7_IRQHandler
 .text.EDMA_1_CH8_IRQHandler
                0x000045bc        0x8 ./startup/startup_mcxn947_cm33_core0.o
                0x000045bc                EDMA_1_CH8_IRQHandler
 .text.EDMA_1_CH9_IRQHandler
                0x000045c4        0x8 ./startup/startup_mcxn947_cm33_core0.o
                0x000045c4                EDMA_1_CH9_IRQHandler
 .text.EDMA_1_CH10_IRQHandler
                0x000045cc        0x8 ./startup/startup_mcxn947_cm33_core0.o
                0x000045cc                EDMA_1_CH10_IRQHandler
 .text.EDMA_1_CH11_IRQHandler
                0x000045d4        0x8 ./startup/startup_mcxn947_cm33_core0.o
                0x000045d4                EDMA_1_CH11_IRQHandler
 .text.EDMA_1_CH12_IRQHandler
                0x000045dc        0x8 ./startup/startup_mcxn947_cm33_core0.o
                0x000045dc                EDMA_1_CH12_IRQHandler
 .text.EDMA_1_CH13_IRQHandler
                0x000045e4        0x8 ./startup/startup_mcxn947_cm33_core0.o
                0x000045e4                EDMA_1_CH13_IRQHandler
 .text.EDMA_1_CH14_IRQHandler
                0x000045ec        0x8 ./startup/startup_mcxn947_cm33_core0.o
                0x000045ec                EDMA_1_CH14_IRQHandler
 .text.EDMA_1_CH15_IRQHandler
                0x000045f4        0x8 ./startup/startup_mcxn947_cm33_core0.o
                0x000045f4                EDMA_1_CH15_IRQHandler
 .text.CDOG0_IRQHandler
                0x000045fc        0x8 ./startup/startup_mcxn947_cm33_core0.o
                0x000045fc                CDOG0_IRQHandler
 .text.CDOG1_IRQHandler
                0x00004604        0x8 ./startup/startup_mcxn947_cm33_core0.o
                0x00004604                CDOG1_IRQHandler
 .text.I3C0_IRQHandler
                0x0000460c        0x8 ./startup/startup_mcxn947_cm33_core0.o
                0x0000460c                I3C0_IRQHandler
 .text.I3C1_IRQHandler
                0x00004614        0x8 ./startup/startup_mcxn947_cm33_core0.o
                0x00004614                I3C1_IRQHandler
 .text.NPU_IRQHandler
                0x0000461c        0x8 ./startup/startup_mcxn947_cm33_core0.o
                0x0000461c                NPU_IRQHandler
 .text.GDET_IRQHandler
                0x00004624        0x8 ./startup/startup_mcxn947_cm33_core0.o
                0x00004624                GDET_IRQHandler
 .text.VBAT0_IRQHandler
                0x0000462c        0x8 ./startup/startup_mcxn947_cm33_core0.o
                0x0000462c                VBAT0_IRQHandler
 .text.EWM0_IRQHandler
                0x00004634        0x8 ./startup/startup_mcxn947_cm33_core0.o
                0x00004634                EWM0_IRQHandler
 .text.TSI_END_OF_SCAN_IRQHandler
                0x0000463c        0x8 ./startup/startup_mcxn947_cm33_core0.o
                0x0000463c                TSI_END_OF_SCAN_IRQHandler
 .text.TSI_OUT_OF_SCAN_IRQHandler
                0x00004644        0x8 ./startup/startup_mcxn947_cm33_core0.o
                0x00004644                TSI_OUT_OF_SCAN_IRQHandler
 .text.EMVSIM0_IRQHandler
                0x0000464c        0x8 ./startup/startup_mcxn947_cm33_core0.o
                0x0000464c                EMVSIM0_IRQHandler
 .text.EMVSIM1_IRQHandler
                0x00004654        0x8 ./startup/startup_mcxn947_cm33_core0.o
                0x00004654                EMVSIM1_IRQHandler
 .text.FLEXIO_IRQHandler
                0x0000465c        0x8 ./startup/startup_mcxn947_cm33_core0.o
                0x0000465c                FLEXIO_IRQHandler
 .text.DAC0_IRQHandler
                0x00004664        0x8 ./startup/startup_mcxn947_cm33_core0.o
                0x00004664                DAC0_IRQHandler
 .text.DAC1_IRQHandler
                0x0000466c        0x8 ./startup/startup_mcxn947_cm33_core0.o
                0x0000466c                DAC1_IRQHandler
 .text.DAC2_IRQHandler
                0x00004674        0x8 ./startup/startup_mcxn947_cm33_core0.o
                0x00004674                DAC2_IRQHandler
 .text.HSCMP0_IRQHandler
                0x0000467c        0x8 ./startup/startup_mcxn947_cm33_core0.o
                0x0000467c                HSCMP0_IRQHandler
 .text.HSCMP1_IRQHandler
                0x00004684        0x8 ./startup/startup_mcxn947_cm33_core0.o
                0x00004684                HSCMP1_IRQHandler
 .text.HSCMP2_IRQHandler
                0x0000468c        0x8 ./startup/startup_mcxn947_cm33_core0.o
                0x0000468c                HSCMP2_IRQHandler
 .text.FLEXPWM0_RELOAD_ERROR_IRQHandler
                0x00004694        0x8 ./startup/startup_mcxn947_cm33_core0.o
                0x00004694                FLEXPWM0_RELOAD_ERROR_IRQHandler
 .text.FLEXPWM0_FAULT_IRQHandler
                0x0000469c        0x8 ./startup/startup_mcxn947_cm33_core0.o
                0x0000469c                FLEXPWM0_FAULT_IRQHandler
 .text.FLEXPWM0_SUBMODULE0_IRQHandler
                0x000046a4        0x8 ./startup/startup_mcxn947_cm33_core0.o
                0x000046a4                FLEXPWM0_SUBMODULE0_IRQHandler
 .text.FLEXPWM0_SUBMODULE1_IRQHandler
                0x000046ac        0x8 ./startup/startup_mcxn947_cm33_core0.o
                0x000046ac                FLEXPWM0_SUBMODULE1_IRQHandler
 .text.FLEXPWM0_SUBMODULE2_IRQHandler
                0x000046b4        0x8 ./startup/startup_mcxn947_cm33_core0.o
                0x000046b4                FLEXPWM0_SUBMODULE2_IRQHandler
 .text.FLEXPWM0_SUBMODULE3_IRQHandler
                0x000046bc        0x8 ./startup/startup_mcxn947_cm33_core0.o
                0x000046bc                FLEXPWM0_SUBMODULE3_IRQHandler
 .text.FLEXPWM1_RELOAD_ERROR_IRQHandler
                0x000046c4        0x8 ./startup/startup_mcxn947_cm33_core0.o
                0x000046c4                FLEXPWM1_RELOAD_ERROR_IRQHandler
 .text.FLEXPWM1_FAULT_IRQHandler
                0x000046cc        0x8 ./startup/startup_mcxn947_cm33_core0.o
                0x000046cc                FLEXPWM1_FAULT_IRQHandler
 .text.FLEXPWM1_SUBMODULE0_IRQHandler
                0x000046d4        0x8 ./startup/startup_mcxn947_cm33_core0.o
                0x000046d4                FLEXPWM1_SUBMODULE0_IRQHandler
 .text.FLEXPWM1_SUBMODULE1_IRQHandler
                0x000046dc        0x8 ./startup/startup_mcxn947_cm33_core0.o
                0x000046dc                FLEXPWM1_SUBMODULE1_IRQHandler
 .text.FLEXPWM1_SUBMODULE2_IRQHandler
                0x000046e4        0x8 ./startup/startup_mcxn947_cm33_core0.o
                0x000046e4                FLEXPWM1_SUBMODULE2_IRQHandler
 .text.FLEXPWM1_SUBMODULE3_IRQHandler
                0x000046ec        0x8 ./startup/startup_mcxn947_cm33_core0.o
                0x000046ec                FLEXPWM1_SUBMODULE3_IRQHandler
 .text.QDC0_COMPARE_IRQHandler
                0x000046f4        0x8 ./startup/startup_mcxn947_cm33_core0.o
                0x000046f4                QDC0_COMPARE_IRQHandler
 .text.QDC0_HOME_IRQHandler
                0x000046fc        0x8 ./startup/startup_mcxn947_cm33_core0.o
                0x000046fc                QDC0_HOME_IRQHandler
 .text.QDC0_WDG_SAB_IRQHandler
                0x00004704        0x8 ./startup/startup_mcxn947_cm33_core0.o
                0x00004704                QDC0_WDG_SAB_IRQHandler
 .text.QDC0_IDX_IRQHandler
                0x0000470c        0x8 ./startup/startup_mcxn947_cm33_core0.o
                0x0000470c                QDC0_IDX_IRQHandler
 .text.QDC1_COMPARE_IRQHandler
                0x00004714        0x8 ./startup/startup_mcxn947_cm33_core0.o
                0x00004714                QDC1_COMPARE_IRQHandler
 .text.QDC1_HOME_IRQHandler
                0x0000471c        0x8 ./startup/startup_mcxn947_cm33_core0.o
                0x0000471c                QDC1_HOME_IRQHandler
 .text.QDC1_WDG_SAB_IRQHandler
                0x00004724        0x8 ./startup/startup_mcxn947_cm33_core0.o
                0x00004724                QDC1_WDG_SAB_IRQHandler
 .text.QDC1_IDX_IRQHandler
                0x0000472c        0x8 ./startup/startup_mcxn947_cm33_core0.o
                0x0000472c                QDC1_IDX_IRQHandler
 .text.ITRC0_IRQHandler
                0x00004734        0x8 ./startup/startup_mcxn947_cm33_core0.o
                0x00004734                ITRC0_IRQHandler
 .text.BSP32_IRQHandler
                0x0000473c        0x8 ./startup/startup_mcxn947_cm33_core0.o
                0x0000473c                BSP32_IRQHandler
 .text.ELS_ERR_IRQHandler
                0x00004744        0x8 ./startup/startup_mcxn947_cm33_core0.o
                0x00004744                ELS_ERR_IRQHandler
 .text.PKC_ERR_IRQHandler
                0x0000474c        0x8 ./startup/startup_mcxn947_cm33_core0.o
                0x0000474c                PKC_ERR_IRQHandler
 .text.ERM_SINGLE_BIT_ERROR_IRQHandler
                0x00004754        0x8 ./startup/startup_mcxn947_cm33_core0.o
                0x00004754                ERM_SINGLE_BIT_ERROR_IRQHandler
 .text.ERM_MULTI_BIT_ERROR_IRQHandler
                0x0000475c        0x8 ./startup/startup_mcxn947_cm33_core0.o
                0x0000475c                ERM_MULTI_BIT_ERROR_IRQHandler
 .text.FMU0_IRQHandler
                0x00004764        0x8 ./startup/startup_mcxn947_cm33_core0.o
                0x00004764                FMU0_IRQHandler
 .text.ETHERNET_IRQHandler
                0x0000476c        0x8 ./startup/startup_mcxn947_cm33_core0.o
                0x0000476c                ETHERNET_IRQHandler
 .text.ETHERNET_PMT_IRQHandler
                0x00004774        0x8 ./startup/startup_mcxn947_cm33_core0.o
                0x00004774                ETHERNET_PMT_IRQHandler
 .text.ETHERNET_MACLP_IRQHandler
                0x0000477c        0x8 ./startup/startup_mcxn947_cm33_core0.o
                0x0000477c                ETHERNET_MACLP_IRQHandler
 .text.SINC_FILTER_IRQHandler
                0x00004784        0x8 ./startup/startup_mcxn947_cm33_core0.o
                0x00004784                SINC_FILTER_IRQHandler
 .text.LPTMR1_IRQHandler
                0x0000478c        0x8 ./startup/startup_mcxn947_cm33_core0.o
                0x0000478c                LPTMR1_IRQHandler
 .text.SCG_IRQHandler
                0x00004794        0x8 ./startup/startup_mcxn947_cm33_core0.o
                0x00004794                SCG_IRQHandler
 .text.SPC_IRQHandler
                0x0000479c        0x8 ./startup/startup_mcxn947_cm33_core0.o
                0x0000479c                SPC_IRQHandler
 .text.WUU_IRQHandler
                0x000047a4        0x8 ./startup/startup_mcxn947_cm33_core0.o
                0x000047a4                WUU_IRQHandler
 .text.PORT_EFT_IRQHandler
                0x000047ac        0x8 ./startup/startup_mcxn947_cm33_core0.o
                0x000047ac                PORT_EFT_IRQHandler
 .text.ETB0_IRQHandler
                0x000047b4        0x8 ./startup/startup_mcxn947_cm33_core0.o
                0x000047b4                ETB0_IRQHandler
 .text.Reserved166_IRQHandler
                0x000047bc        0x8 ./startup/startup_mcxn947_cm33_core0.o
                0x000047bc                Reserved166_IRQHandler
 .text.Reserved167_IRQHandler
                0x000047c4        0x8 ./startup/startup_mcxn947_cm33_core0.o
                0x000047c4                Reserved167_IRQHandler
 .text.WWDT0_IRQHandler
                0x000047cc        0x8 ./startup/startup_mcxn947_cm33_core0.o
                0x000047cc                WWDT0_IRQHandler
 .text.WWDT1_IRQHandler
                0x000047d4        0x8 ./startup/startup_mcxn947_cm33_core0.o
                0x000047d4                WWDT1_IRQHandler
 .text.CMC0_IRQHandler
                0x000047dc        0x8 ./startup/startup_mcxn947_cm33_core0.o
                0x000047dc                CMC0_IRQHandler
 .text.CTI0_IRQHandler
                0x000047e4        0x8 ./startup/startup_mcxn947_cm33_core0.o
                0x000047e4                CTI0_IRQHandler
 .text.led_ws2812b_low_bit
                0x000047ec       0x2a ./source/led_WS2812B.o
                0x000047ec                led_ws2812b_low_bit
 .text.led_ws2812b_high_bit
                0x00004816       0x2a ./source/led_WS2812B.o
                0x00004816                led_ws2812b_high_bit
 .text.led_ws2812b_fill_array_rainbow
                0x00004840       0xbe ./source/led_WS2812B.o
                0x00004840                led_ws2812b_fill_array_rainbow
 .text.led_ws2812b_fill_array_colors
                0x000048fe       0x4e ./source/led_WS2812B.o
                0x000048fe                led_ws2812b_fill_array_colors
 .text.EnableIRQ
                0x0000494c       0x32 ./source/main.o
 .text.GPIO_EnablePinControlNonSecure
                0x0000497e       0x22 ./source/main.o
 .text.GPIO_EnablePinControlNonPrivilege
                0x000049a0       0x22 ./source/main.o
 .text.CTIMER_StartTimer
                0x000049c2       0x20 ./source/main.o
 .text.CTIMER_StopTimer
                0x000049e2       0x20 ./source/main.o
 .text.LPTMR_EnableInterrupts
                0x00004a02       0x32 ./source/main.o
 .text.LPTMR_ClearStatusFlags
                0x00004a34       0x22 ./source/main.o
 .text.LPTMR_StartTimer
                0x00004a56       0x30 ./source/main.o
 .text.HardFault_Handler
                0x00004a86       0x36 ./source/semihost_hardfault.o
                0x00004a86                HardFault_Handler
 .text.CLOCK_GetPll0OutFreq
                0x00004abc       0x82 ./drivers/fsl_clock.o
                0x00004abc                CLOCK_GetPll0OutFreq
 .text.CLOCK_GetPll1OutFreq
                0x00004b3e       0x82 ./drivers/fsl_clock.o
                0x00004b3e                CLOCK_GetPll1OutFreq
 .text.CLOCK_EnableClock
                0x00004bc0       0x8c ./drivers/fsl_ctimer.o
 .text.CTIMER_GetStatusFlags
                0x00004c4c       0x18 ./drivers/fsl_ctimer.o
 .text.CTIMER_ClearStatusFlags
                0x00004c64       0x1c ./drivers/fsl_ctimer.o
 .text.CTIMER_SetupMatch
                0x00004c80      0x100 ./drivers/fsl_ctimer.o
                0x00004c80                CTIMER_SetupMatch
 .text.CTIMER0_DriverIRQHandler
                0x00004d80        0xe ./drivers/fsl_ctimer.o
                0x00004d80                CTIMER0_DriverIRQHandler
 .text.CTIMER1_DriverIRQHandler
                0x00004d8e        0xe ./drivers/fsl_ctimer.o
                0x00004d8e                CTIMER1_DriverIRQHandler
 .text.CTIMER2_DriverIRQHandler
                0x00004d9c        0xe ./drivers/fsl_ctimer.o
                0x00004d9c                CTIMER2_DriverIRQHandler
 .text.CTIMER3_DriverIRQHandler
                0x00004daa        0xe ./drivers/fsl_ctimer.o
                0x00004daa                CTIMER3_DriverIRQHandler
 .text.CTIMER4_DriverIRQHandler
                0x00004db8        0xe ./drivers/fsl_ctimer.o
                0x00004db8                CTIMER4_DriverIRQHandler
 .text.CLOCK_EnableClock
                0x00004dc6       0x8c ./drivers/fsl_edma.o
 .text.RESET_ReleasePeripheralReset
                0x00004e52       0x16 ./drivers/fsl_edma.o
 .text.EnableIRQ
                0x00004e68       0x32 ./drivers/fsl_edma.o
 .text.DisableGlobalIRQ
                0x00004e9a       0x22 ./drivers/fsl_edma.o
 .text.EnableGlobalIRQ
                0x00004ebc       0x20 ./drivers/fsl_edma.o
 .text.EDMA_CheckErrata
                0x00004edc       0x1c ./drivers/fsl_edma.o
 .text.EDMA_AbortTransfer
                0x00004ef8       0x40 ./drivers/fsl_edma.o
                0x00004ef8                EDMA_AbortTransfer
 .text.EDMA_0_CH0_DriverIRQHandler
                0x00004f38       0x10 ./drivers/fsl_edma_soc.o
                0x00004f38                EDMA_0_CH0_DriverIRQHandler
 .text.EDMA_0_CH1_DriverIRQHandler
                0x00004f48       0x10 ./drivers/fsl_edma_soc.o
                0x00004f48                EDMA_0_CH1_DriverIRQHandler
 .text.EDMA_0_CH2_DriverIRQHandler
                0x00004f58       0x10 ./drivers/fsl_edma_soc.o
                0x00004f58                EDMA_0_CH2_DriverIRQHandler
 .text.EDMA_0_CH3_DriverIRQHandler
                0x00004f68       0x10 ./drivers/fsl_edma_soc.o
                0x00004f68                EDMA_0_CH3_DriverIRQHandler
 .text.EDMA_0_CH4_DriverIRQHandler
                0x00004f78       0x10 ./drivers/fsl_edma_soc.o
                0x00004f78                EDMA_0_CH4_DriverIRQHandler
 .text.EDMA_0_CH5_DriverIRQHandler
                0x00004f88       0x10 ./drivers/fsl_edma_soc.o
                0x00004f88                EDMA_0_CH5_DriverIRQHandler
 .text.EDMA_0_CH6_DriverIRQHandler
                0x00004f98       0x10 ./drivers/fsl_edma_soc.o
                0x00004f98                EDMA_0_CH6_DriverIRQHandler
 .text.EDMA_0_CH7_DriverIRQHandler
                0x00004fa8       0x10 ./drivers/fsl_edma_soc.o
                0x00004fa8                EDMA_0_CH7_DriverIRQHandler
 .text.EDMA_0_CH8_DriverIRQHandler
                0x00004fb8       0x10 ./drivers/fsl_edma_soc.o
                0x00004fb8                EDMA_0_CH8_DriverIRQHandler
 .text.EDMA_0_CH9_DriverIRQHandler
                0x00004fc8       0x10 ./drivers/fsl_edma_soc.o
                0x00004fc8                EDMA_0_CH9_DriverIRQHandler
 .text.EDMA_0_CH10_DriverIRQHandler
                0x00004fd8       0x10 ./drivers/fsl_edma_soc.o
                0x00004fd8                EDMA_0_CH10_DriverIRQHandler
 .text.EDMA_0_CH11_DriverIRQHandler
                0x00004fe8       0x10 ./drivers/fsl_edma_soc.o
                0x00004fe8                EDMA_0_CH11_DriverIRQHandler
 .text.EDMA_0_CH12_DriverIRQHandler
                0x00004ff8       0x10 ./drivers/fsl_edma_soc.o
                0x00004ff8                EDMA_0_CH12_DriverIRQHandler
 .text.EDMA_0_CH13_DriverIRQHandler
                0x00005008       0x10 ./drivers/fsl_edma_soc.o
                0x00005008                EDMA_0_CH13_DriverIRQHandler
 .text.EDMA_0_CH14_DriverIRQHandler
                0x00005018       0x10 ./drivers/fsl_edma_soc.o
                0x00005018                EDMA_0_CH14_DriverIRQHandler
 .text.EDMA_0_CH15_DriverIRQHandler
                0x00005028       0x10 ./drivers/fsl_edma_soc.o
                0x00005028                EDMA_0_CH15_DriverIRQHandler
 .text.EDMA_1_CH0_DriverIRQHandler
                0x00005038       0x10 ./drivers/fsl_edma_soc.o
                0x00005038                EDMA_1_CH0_DriverIRQHandler
 .text.EDMA_1_CH1_DriverIRQHandler
                0x00005048       0x10 ./drivers/fsl_edma_soc.o
                0x00005048                EDMA_1_CH1_DriverIRQHandler
 .text.EDMA_1_CH2_DriverIRQHandler
                0x00005058       0x10 ./drivers/fsl_edma_soc.o
                0x00005058                EDMA_1_CH2_DriverIRQHandler
 .text.EDMA_1_CH3_DriverIRQHandler
                0x00005068       0x10 ./drivers/fsl_edma_soc.o
                0x00005068                EDMA_1_CH3_DriverIRQHandler
 .text.EDMA_1_CH4_DriverIRQHandler
                0x00005078       0x10 ./drivers/fsl_edma_soc.o
                0x00005078                EDMA_1_CH4_DriverIRQHandler
 .text.EDMA_1_CH5_DriverIRQHandler
                0x00005088       0x10 ./drivers/fsl_edma_soc.o
                0x00005088                EDMA_1_CH5_DriverIRQHandler
 .text.EDMA_1_CH6_DriverIRQHandler
                0x00005098       0x10 ./drivers/fsl_edma_soc.o
                0x00005098                EDMA_1_CH6_DriverIRQHandler
 .text.EDMA_1_CH7_DriverIRQHandler
                0x000050a8       0x10 ./drivers/fsl_edma_soc.o
                0x000050a8                EDMA_1_CH7_DriverIRQHandler
 .text.EDMA_1_CH8_DriverIRQHandler
                0x000050b8       0x10 ./drivers/fsl_edma_soc.o
                0x000050b8                EDMA_1_CH8_DriverIRQHandler
 .text.EDMA_1_CH9_DriverIRQHandler
                0x000050c8       0x10 ./drivers/fsl_edma_soc.o
                0x000050c8                EDMA_1_CH9_DriverIRQHandler
 .text.EDMA_1_CH10_DriverIRQHandler
                0x000050d8       0x10 ./drivers/fsl_edma_soc.o
                0x000050d8                EDMA_1_CH10_DriverIRQHandler
 .text.EDMA_1_CH11_DriverIRQHandler
                0x000050e8       0x10 ./drivers/fsl_edma_soc.o
                0x000050e8                EDMA_1_CH11_DriverIRQHandler
 .text.EDMA_1_CH12_DriverIRQHandler
                0x000050f8       0x10 ./drivers/fsl_edma_soc.o
                0x000050f8                EDMA_1_CH12_DriverIRQHandler
 .text.EDMA_1_CH13_DriverIRQHandler
                0x00005108       0x10 ./drivers/fsl_edma_soc.o
                0x00005108                EDMA_1_CH13_DriverIRQHandler
 .text.EDMA_1_CH14_DriverIRQHandler
                0x00005118       0x10 ./drivers/fsl_edma_soc.o
                0x00005118                EDMA_1_CH14_DriverIRQHandler
 .text.EDMA_1_CH15_DriverIRQHandler
                0x00005128       0x10 ./drivers/fsl_edma_soc.o
                0x00005128                EDMA_1_CH15_DriverIRQHandler
 .text.CLOCK_EnableClock
                0x00005138       0x8c ./drivers/fsl_gpio.o
 .text.CLOCK_DisableClock
                0x000051c4       0xb0 ./drivers/fsl_gpio.o
 .text.GPIO_PinWrite
                0x00005274       0x36 ./drivers/fsl_gpio.o
 .text.CLOCK_EnableClock
                0x000052aa       0x8c ./drivers/fsl_lpflexcomm.o
 .text.LP_FLEXCOMM_PeripheralIsPresent
                0x00005336       0x52 ./drivers/fsl_lpflexcomm.o
 .text.LP_FLEXCOMM0_DriverIRQHandler
                0x00005388        0xe ./drivers/fsl_lpflexcomm.o
                0x00005388                LP_FLEXCOMM0_DriverIRQHandler
 .text.LP_FLEXCOMM1_DriverIRQHandler
                0x00005396        0xe ./drivers/fsl_lpflexcomm.o
                0x00005396                LP_FLEXCOMM1_DriverIRQHandler
 .text.LP_FLEXCOMM2_DriverIRQHandler
                0x000053a4        0xe ./drivers/fsl_lpflexcomm.o
                0x000053a4                LP_FLEXCOMM2_DriverIRQHandler
 .text.LP_FLEXCOMM3_DriverIRQHandler
                0x000053b2        0xe ./drivers/fsl_lpflexcomm.o
                0x000053b2                LP_FLEXCOMM3_DriverIRQHandler
 .text.LP_FLEXCOMM4_DriverIRQHandler
                0x000053c0        0xe ./drivers/fsl_lpflexcomm.o
                0x000053c0                LP_FLEXCOMM4_DriverIRQHandler
 .text.LP_FLEXCOMM5_DriverIRQHandler
                0x000053ce        0xe ./drivers/fsl_lpflexcomm.o
                0x000053ce                LP_FLEXCOMM5_DriverIRQHandler
 .text.LP_FLEXCOMM6_DriverIRQHandler
                0x000053dc        0xe ./drivers/fsl_lpflexcomm.o
                0x000053dc                LP_FLEXCOMM6_DriverIRQHandler
 .text.LP_FLEXCOMM7_DriverIRQHandler
                0x000053ea        0xe ./drivers/fsl_lpflexcomm.o
                0x000053ea                LP_FLEXCOMM7_DriverIRQHandler
 .text.LP_FLEXCOMM8_DriverIRQHandler
                0x000053f8        0xe ./drivers/fsl_lpflexcomm.o
                0x000053f8                LP_FLEXCOMM8_DriverIRQHandler
 .text.LP_FLEXCOMM9_DriverIRQHandler
                0x00005406        0xe ./drivers/fsl_lpflexcomm.o
                0x00005406                LP_FLEXCOMM9_DriverIRQHandler
 .text.LPUART_SoftwareReset
                0x00005414       0x2c ./drivers/fsl_lpuart.o
 .text.RESET_PeripheralReset
                0x00005440       0x1c ./drivers/fsl_reset.o
                0x00005440                RESET_PeripheralReset
 .text.SPC_GetActiveModeBandgapMode
                0x0000545c       0x22 ./drivers/fsl_spc.o
 .text.SPC_GetActiveModeVoltageDetectStatus
                0x0000547e       0x22 ./drivers/fsl_spc.o
 .text.SPC_GetActiveModeCoreLDOVDDVoltageLevel
                0x000054a0       0x22 ./drivers/fsl_spc.o
 .text.SPC_GetActiveModeCoreLDODriveStrength
                0x000054c2       0x22 ./drivers/fsl_spc.o
 .text.SPC_SetActiveModeDCDCRegulatorVoltageLevel
                0x000054e4       0x32 ./drivers/fsl_spc.o
 .text.SPC_SetActiveModeCoreLDORegulatorVoltageLevel
                0x00005516       0x60 ./drivers/fsl_spc.o
                0x00005516                SPC_SetActiveModeCoreLDORegulatorVoltageLevel
 .text.SPC_SetActiveModeCoreLDORegulatorDriveStrength
                0x00005576       0x5e ./drivers/fsl_spc.o
                0x00005576                SPC_SetActiveModeCoreLDORegulatorDriveStrength
 .text.SPC_SetActiveModeDCDCRegulatorDriveStrength
                0x000055d4       0x48 ./drivers/fsl_spc.o
                0x000055d4                SPC_SetActiveModeDCDCRegulatorDriveStrength
 .text.SystemInitHook
                0x0000561c        0xe ./device/system_MCXN947_cm33_core0.o
                0x0000561c                SystemInitHook
 .text.HAL_UartGetStatus
                0x0000562a       0x28 ./component/uart/fsl_adapter_lpuart.o
 .text.CLOCK_EnableClock
                0x00005652       0x8c ./board/clock_config.o
 .text.BOARD_InitBootClocks
                0x000056de        0xc ./board/clock_config.o
                0x000056de                BOARD_InitBootClocks
 .text.BOARD_InitHardware
                0x000056ea       0x3c ./board/hardware_init.o
                0x000056ea                BOARD_InitHardware
 .text.CLOCK_EnableClock
                0x00005726       0x8c ./board/pin_mux.o
 .text.__main   0x000057b2        0xe C:/nxp/MCUXpressoIDE_24.12.148/ide/plugins/com.nxp.mcuxpresso.tools.win32_24.12.0.202407110909/tools/bin/../lib/gcc/arm-none-eabi/13.2.1/../../../../arm-none-eabi/lib/thumb/v8-m.main+fp/hard\libcr_nohost_nf.a(_cr__main.o)
                0x000057b2                __main
 .text.memset   0x000057c0        0x4 C:/nxp/MCUXpressoIDE_24.12.148/ide/plugins/com.nxp.mcuxpresso.tools.win32_24.12.0.202407110909/tools/bin/../lib/gcc/arm-none-eabi/13.2.1/../../../../arm-none-eabi/lib/thumb/v8-m.main+fp/hard\libcr_c.a(memset.o)
                0x000057c0                memset
 .text.free     0x000057c4       0x30 C:/nxp/MCUXpressoIDE_24.12.148/ide/plugins/com.nxp.mcuxpresso.tools.win32_24.12.0.202407110909/tools/bin/../lib/gcc/arm-none-eabi/13.2.1/../../../../arm-none-eabi/lib/thumb/v8-m.main+fp/hard\libcr_c.a(alloc.o)
                0x000057c4                free
 .text.setvbuf  0x000057f4       0x3e C:/nxp/MCUXpressoIDE_24.12.148/ide/plugins/com.nxp.mcuxpresso.tools.win32_24.12.0.202407110909/tools/bin/../lib/gcc/arm-none-eabi/13.2.1/../../../../arm-none-eabi/lib/thumb/v8-m.main+fp/hard\libcr_c.a(setvbuf.o)
                0x000057f4                setvbuf
 .text.strlen   0x00005832       0x4e C:/nxp/MCUXpressoIDE_24.12.148/ide/plugins/com.nxp.mcuxpresso.tools.win32_24.12.0.202407110909/tools/bin/../lib/gcc/arm-none-eabi/13.2.1/../../../../arm-none-eabi/lib/thumb/v8-m.main+fp/hard\libcr_c.a(strlen.o)
                0x00005832                strlen
 .text._deferredlazyseek
                0x00005880       0x40 C:/nxp/MCUXpressoIDE_24.12.148/ide/plugins/com.nxp.mcuxpresso.tools.win32_24.12.0.202407110909/tools/bin/../lib/gcc/arm-none-eabi/13.2.1/../../../../arm-none-eabi/lib/thumb/v8-m.main+fp/hard\libcr_c.a(_deferredlazyseek.o)
                0x00005880                _deferredlazyseek
 .text._fdopen  0x000058c0       0x68 C:/nxp/MCUXpressoIDE_24.12.148/ide/plugins/com.nxp.mcuxpresso.tools.win32_24.12.0.202407110909/tools/bin/../lib/gcc/arm-none-eabi/13.2.1/../../../../arm-none-eabi/lib/thumb/v8-m.main+fp/hard\libcr_c.a(_fdopen.o)
                0x000058c0                _fdopen
 .text._fflush  0x00005928       0x52 C:/nxp/MCUXpressoIDE_24.12.148/ide/plugins/com.nxp.mcuxpresso.tools.win32_24.12.0.202407110909/tools/bin/../lib/gcc/arm-none-eabi/13.2.1/../../../../arm-none-eabi/lib/thumb/v8-m.main+fp/hard\libcr_c.a(_fflush.o)
                0x00005928                _fflush
 .text.fclose   0x0000597a       0x58 C:/nxp/MCUXpressoIDE_24.12.148/ide/plugins/com.nxp.mcuxpresso.tools.win32_24.12.0.202407110909/tools/bin/../lib/gcc/arm-none-eabi/13.2.1/../../../../arm-none-eabi/lib/thumb/v8-m.main+fp/hard\libcr_c.a(fclose.o)
                0x0000597a                fclose
 .text.remove   0x000059d2       0x14 C:/nxp/MCUXpressoIDE_24.12.148/ide/plugins/com.nxp.mcuxpresso.tools.win32_24.12.0.202407110909/tools/bin/../lib/gcc/arm-none-eabi/13.2.1/../../../../arm-none-eabi/lib/thumb/v8-m.main+fp/hard\libcr_c.a(remove.o)
                0x000059d2                remove
 .text._do_fflush
                0x000059e6       0x40 C:/nxp/MCUXpressoIDE_24.12.148/ide/plugins/com.nxp.mcuxpresso.tools.win32_24.12.0.202407110909/tools/bin/../lib/gcc/arm-none-eabi/13.2.1/../../../../arm-none-eabi/lib/thumb/v8-m.main+fp/hard\libcr_c.a(_do_fflush.o)
                0x000059e6                _do_fflush
 .text.__aeabi_division_uldivmod
                0x00005a26      0x174 C:/nxp/MCUXpressoIDE_24.12.148/ide/plugins/com.nxp.mcuxpresso.tools.win32_24.12.0.202407110909/tools/bin/../lib/gcc/arm-none-eabi/13.2.1/thumb/v8-m.main+fp/hard\libcr_eabihelpers.a(division_64.o)
                0x00005a26                __aeabi_uldivmod
                0x00005a2a                __bhs_ldivmod1
 .text.__aeabi_division_idiv0
                0x00005b9a        0x2 C:/nxp/MCUXpressoIDE_24.12.148/ide/plugins/com.nxp.mcuxpresso.tools.win32_24.12.0.202407110909/tools/bin/../lib/gcc/arm-none-eabi/13.2.1/thumb/v8-m.main+fp/hard\libcr_eabihelpers.a(division_idiv0.o)
                0x00005b9a                __aeabi_idiv0
 .text.__aeabi_f2ulz
                0x00005b9c       0x3e C:/nxp/MCUXpressoIDE_24.12.148/ide/plugins/com.nxp.mcuxpresso.tools.win32_24.12.0.202407110909/tools/bin/../lib/gcc/arm-none-eabi/13.2.1/thumb/v8-m.main+fp/hard\libcr_eabihelpers.a(float.o)
                0x00005b9c                __aeabi_f2ulz
 .text.__aeabi_memset_lowlevel
                0x00005bda       0x32 C:/nxp/MCUXpressoIDE_24.12.148/ide/plugins/com.nxp.mcuxpresso.tools.win32_24.12.0.202407110909/tools/bin/../lib/gcc/arm-none-eabi/13.2.1/thumb/v8-m.main+fp/hard\libcr_eabihelpers.a(memcpy.o)
                0x00005bda                __aeabi_lowlevel_memset
 .text.__sys_close
                0x00005c0c        0x6 C:/nxp/MCUXpressoIDE_24.12.148/ide/plugins/com.nxp.mcuxpresso.tools.win32_24.12.0.202407110909/tools/bin/../lib/gcc/arm-none-eabi/13.2.1/../../../../arm-none-eabi/lib/thumb/v8-m.main+fp/hard\libcr_nohost_nf.a(__sys_close.o)
                0x00005c0c                __sys_close
 .text.__sys_flen
                0x00005c12        0x6 C:/nxp/MCUXpressoIDE_24.12.148/ide/plugins/com.nxp.mcuxpresso.tools.win32_24.12.0.202407110909/tools/bin/../lib/gcc/arm-none-eabi/13.2.1/../../../../arm-none-eabi/lib/thumb/v8-m.main+fp/hard\libcr_nohost_nf.a(__sys_flen.o)
                0x00005c12                __sys_flen
 .text.__sys_istty
                0x00005c18        0x6 C:/nxp/MCUXpressoIDE_24.12.148/ide/plugins/com.nxp.mcuxpresso.tools.win32_24.12.0.202407110909/tools/bin/../lib/gcc/arm-none-eabi/13.2.1/../../../../arm-none-eabi/lib/thumb/v8-m.main+fp/hard\libcr_nohost_nf.a(__sys_istty.o)
                0x00005c18                __sys_istty
 .text.__sys_remove
                0x00005c1e        0x6 C:/nxp/MCUXpressoIDE_24.12.148/ide/plugins/com.nxp.mcuxpresso.tools.win32_24.12.0.202407110909/tools/bin/../lib/gcc/arm-none-eabi/13.2.1/../../../../arm-none-eabi/lib/thumb/v8-m.main+fp/hard\libcr_nohost_nf.a(__sys_remove.o)
                0x00005c1e                __sys_remove
 .text.__sys_seek
                0x00005c24        0x6 C:/nxp/MCUXpressoIDE_24.12.148/ide/plugins/com.nxp.mcuxpresso.tools.win32_24.12.0.202407110909/tools/bin/../lib/gcc/arm-none-eabi/13.2.1/../../../../arm-none-eabi/lib/thumb/v8-m.main+fp/hard\libcr_nohost_nf.a(__sys_seek.o)
                0x00005c24                __sys_seek
 .text.__sys_tmpnam
                0x00005c2a        0x6 C:/nxp/MCUXpressoIDE_24.12.148/ide/plugins/com.nxp.mcuxpresso.tools.win32_24.12.0.202407110909/tools/bin/../lib/gcc/arm-none-eabi/13.2.1/../../../../arm-none-eabi/lib/thumb/v8-m.main+fp/hard\libcr_nohost_nf.a(__sys_tmpnam.o)
                0x00005c2a                __sys_tmpnam
 .text.__sys_write
                0x00005c30        0x4 C:/nxp/MCUXpressoIDE_24.12.148/ide/plugins/com.nxp.mcuxpresso.tools.win32_24.12.0.202407110909/tools/bin/../lib/gcc/arm-none-eabi/13.2.1/../../../../arm-none-eabi/lib/thumb/v8-m.main+fp/hard\libcr_nohost_nf.a(__sys_write.o)
                0x00005c30                __sys_write
 *(SORT_BY_ALIGNMENT(.rodata) SORT_BY_ALIGNMENT(.rodata.*) SORT_BY_ALIGNMENT(.constdata) SORT_BY_ALIGNMENT(.constdata.*))
 .rodata.__assertion_failed.str1.4
                0x00005c34     0x129c ./utilities/fsl_assert.o
                                 0x14 (size before relaxing)
 .rodata.EDMA_SetChannelMux.str1.4
                0x00006ed0       0x7a ./source/main.o
 .rodata.LPTMR_SetTimerPeriod.str1.4
                0x00006ed0       0x49 ./source/main.o
 .rodata.s_ctimerBases
                0x00006ed0       0x14 ./drivers/fsl_ctimer.o
 .rodata.s_ctimerClocks
                0x00006ee4        0xa ./drivers/fsl_ctimer.o
 *fill*         0x00006eee        0x2 ff
 .rodata.s_ctimerResets
                0x00006ef0       0x14 ./drivers/fsl_ctimer.o
 .rodata.CTIMER_GetInstance.str1.4
                0x00006f04       0x2e ./drivers/fsl_ctimer.o
 .rodata.CTIMER_Init.str1.4
                0x00006f04       0x22 ./drivers/fsl_ctimer.o
 .rodata.CTIMER_GetDefaultConfig.str1.4
                0x00006f04       0x22 ./drivers/fsl_ctimer.o
 .rodata.EDMA_SetChannelMux.str1.4
                0x00006f04       0x4e ./drivers/fsl_edma.o
 .rodata.EDMA_EnableChannelMasterIDReplication.str1.4
                0x00006f04       0x4e ./drivers/fsl_edma.o
 .rodata.EDMA_SetChannelSecurityLevel.str1.4
                0x00006f04       0x4e ./drivers/fsl_edma.o
 .rodata.EDMA_SetChannelProtectionLevel.str1.4
                0x00006f04       0x4e ./drivers/fsl_edma.o
 .rodata.s_edmaBases
                0x00006f04        0x8 ./drivers/fsl_edma.o
 .rodata.s_edmaClockName
                0x00006f0c        0x4 ./drivers/fsl_edma.o
 .rodata.s_edmaResets
                0x00006f10        0x8 ./drivers/fsl_edma.o
 .rodata.s_edmaIRQNumber
                0x00006f18       0x40 ./drivers/fsl_edma.o
 .rodata.EDMA_GetInstance.str1.4
                0x00006f58       0x33 ./drivers/fsl_edma.o
 .rodata.EDMA_InstallTCD.str1.4
                0x00006f58       0x87 ./drivers/fsl_edma.o
 .rodata.EDMA_Init.str1.4
                0x00006f58       0x20 ./drivers/fsl_edma.o
 .rodata.EDMA_InitChannel.str1.4
                0x00006f58       0x27 ./drivers/fsl_edma.o
 .rodata.EDMA_GetDefaultConfig.str1.4
                0x00006f58       0x20 ./drivers/fsl_edma.o
 .rodata.EDMA_ResetChannel.str1.4
                0x00006f58       0x4e ./drivers/fsl_edma.o
 .rodata.EDMA_SetChannelPreemptionConfig.str1.4
                0x00006f58       0x70 ./drivers/fsl_edma.o
 .rodata.EDMA_TcdResetExt.str1.4
                0x00006f58       0x4f ./drivers/fsl_edma.o
 .rodata.EDMA_TcdSetTransferConfigExt.str1.4
                0x00006f58       0x70 ./drivers/fsl_edma.o
 .rodata.EDMA_ConfigChannelSoftwareTCDExt.str1.4
                0x00006f58      0x333 ./drivers/fsl_edma.o
 .rodata.EDMA_ClearChannelStatusFlags.str1.4
                0x00006f58       0x4f ./drivers/fsl_edma.o
 .rodata.EDMA_CreateHandle.str1.4
                0x00006f58       0x73 ./drivers/fsl_edma.o
 .rodata.EDMA_InstallTCDMemory.str1.4
                0x00006f58       0x58 ./drivers/fsl_edma.o
 .rodata.EDMA_SetCallback.str1.4
                0x00006f58       0x21 ./drivers/fsl_edma.o
 .rodata.EDMA_TransferWidthMapping.str1.4
                0x00006f58       0x18 ./drivers/fsl_edma.o
 .rodata.EDMA_PrepareTransferConfig.str1.4
                0x00006f58      0x23e ./drivers/fsl_edma.o
 .rodata.EDMA_PrepareTransfer.str1.4
                0x00006f58       0x3c ./drivers/fsl_edma.o
 .rodata.EDMA_SubmitTransfer.str1.4
                0x00006f58       0x72 ./drivers/fsl_edma.o
 .rodata.EDMA_StartTransfer.str1.4
                0x00006f58       0x21 ./drivers/fsl_edma.o
 .rodata.EDMA_StopTransfer.str1.4
                0x00006f58       0x21 ./drivers/fsl_edma.o
 .rodata.EDMA_HandleIRQ.str1.4
                0x00006f58       0x21 ./drivers/fsl_edma.o
 .rodata.s_gpioBases
                0x00006f58       0x18 ./drivers/fsl_gpio.o
 .rodata.s_gpioClockName
                0x00006f70        0xa ./drivers/fsl_gpio.o
 .rodata.GPIO_GetInstance.str1.4
                0x00006f7a       0x34 ./drivers/fsl_gpio.o
 .rodata.GPIO_PinInit.str1.4
                0x00006f7a       0x20 ./drivers/fsl_gpio.o
 *fill*         0x00006f7a        0x2 ff
 .rodata.s_lpflexcommBase
                0x00006f7c       0x28 ./drivers/fsl_lpflexcomm.o
 .rodata.s_lpflexcommClocks
                0x00006fa4       0x14 ./drivers/fsl_lpflexcomm.o
 .rodata.s_lpflexcommResets
                0x00006fb8       0x28 ./drivers/fsl_lpflexcomm.o
 .rodata.LP_FLEXCOMM_SetPeriph.str1.4
                0x00006fe0       0x43 ./drivers/fsl_lpflexcomm.o
 .rodata.LP_FLEXCOMM_Init.str1.4
                0x00006fe0       0x49 ./drivers/fsl_lpflexcomm.o
 .rodata.LPTMR_Init.str1.4
                0x00006fe0       0x20 ./drivers/fsl_lptmr.o
 .rodata.LPTMR_GetDefaultConfig.str1.4
                0x00006fe0       0x21 ./drivers/fsl_lptmr.o
 .rodata.s_lpuartBases
                0x00006fe0       0x28 ./drivers/fsl_lpuart.o
 .rodata.LPUART_GetInstance.str1.4
                0x00007008       0x38 ./drivers/fsl_lpuart.o
 .rodata.LPUART_Init.str1.4
                0x00007008      0x10a ./drivers/fsl_lpuart.o
 .rodata.LPUART_GetDefaultConfig.str1.4
                0x00007008       0x22 ./drivers/fsl_lpuart.o
 .rodata.LPUART_WriteBlocking.str1.4
                0x00007008       0x21 ./drivers/fsl_lpuart.o
 .rodata.LPUART_ReadBlocking.str1.4
                0x00007008       0x21 ./drivers/fsl_lpuart.o
 .rodata.RESET_SetPeripheralReset.str1.4
                0x00007008       0x1e ./drivers/fsl_reset.o
 .rodata.RESET_ClearPeripheralReset.str1.4
                0x00007008       0x1e ./drivers/fsl_reset.o
 .rodata.SPC_SetSRAMOperateVoltage.str1.4
                0x00007008       0x1f ./drivers/fsl_spc.o
 .rodata.SPC_SetActiveModeCoreLDORegulatorConfig.str1.4
                0x00007008       0x1f ./drivers/fsl_spc.o
 .rodata.SPC_SetActiveModeDCDCRegulatorConfig.str1.4
                0x00007008       0x20 ./drivers/fsl_spc.o
 .rodata.s_LpuartAdapterBase
                0x00007008       0x28 ./component/uart/fsl_adapter_lpuart.o
 .rodata.HAL_UartInit.str1.4
                0x00007030      0x116 ./component/uart/fsl_adapter_lpuart.o
 .rodata.HAL_UartReceiveBlocking.str1.4
                0x00007030       0x7b ./component/uart/fsl_adapter_lpuart.o
 .rodata.HAL_UartSendBlocking.str1.4
                0x00007030       0x7b ./component/uart/fsl_adapter_lpuart.o
 .rodata        0x00007030       0x22 ./board/clock_config.o
 .rodata.PORT_SetPinConfig.str1.4
                0x00007052       0x44 ./board/pin_mux.o
 *fill*         0x00007052        0x2 ff
 .rodata.__num_Ciob_streams
                0x00007054        0x4 C:/nxp/MCUXpressoIDE_24.12.148/ide/plugins/com.nxp.mcuxpresso.tools.win32_24.12.0.202407110909/tools/bin/../lib/gcc/arm-none-eabi/13.2.1/../../../../arm-none-eabi/lib/thumb/v8-m.main+fp/hard\libcr_nohost_nf.a(__ciob.o)
                0x00007054                __num_Ciob_streams
 .rodata._initio.str1.1
                0x00007058        0x4 C:/nxp/MCUXpressoIDE_24.12.148/ide/plugins/com.nxp.mcuxpresso.tools.win32_24.12.0.202407110909/tools/bin/../lib/gcc/arm-none-eabi/13.2.1/../../../../arm-none-eabi/lib/thumb/v8-m.main+fp/hard\libcr_c.a(initio.o)
                0x0000705c                        . = ALIGN (0x4)

.glue_7         0x0000705c        0x0
 .glue_7        0x0000705c        0x0 linker stubs

.glue_7t        0x0000705c        0x0
 .glue_7t       0x0000705c        0x0 linker stubs

.vfp11_veneer   0x0000705c        0x0
 .vfp11_veneer  0x0000705c        0x0 linker stubs

.v4_bx          0x0000705c        0x0
 .v4_bx         0x0000705c        0x0 linker stubs

.iplt           0x0000705c        0x0
 .iplt          0x0000705c        0x0 ./utilities/debug_console_lite/fsl_debug_console.o

.rel.dyn        0x0000705c        0x0
 .rel.iplt      0x0000705c        0x0 ./utilities/debug_console_lite/fsl_debug_console.o

.ARM.extab
 *(SORT_BY_ALIGNMENT(.ARM.extab*) SORT_BY_ALIGNMENT(.gnu.linkonce.armextab.*))

.ARM.exidx      0x0000705c        0x0
                0x0000705c                        __exidx_start = .
 *(SORT_BY_ALIGNMENT(.ARM.exidx*) SORT_BY_ALIGNMENT(.gnu.linkonce.armexidx.*))
                0x0000705c                        __exidx_end = .
                0x0000705c                        _etext = .

.m_usb_data
 *(SORT_BY_ALIGNMENT(m_usb_global))

.data_RAM2      0x04000000        0x0 load address 0x0000705c
 FILL mask 0xff
                [!provide]                        PROVIDE (__start_data_RAM2 = .)
                [!provide]                        PROVIDE (__start_data_SRAMX = .)
 *(SORT_BY_ALIGNMENT(.ramfunc.$RAM2))
 *(SORT_BY_ALIGNMENT(.ramfunc.$SRAMX))
 *(SORT_BY_ALIGNMENT(.data.$RAM2))
 *(SORT_BY_ALIGNMENT(.data.$SRAMX))
 *(SORT_BY_ALIGNMENT(.data.$RAM2.*))
 *(SORT_BY_ALIGNMENT(.data.$SRAMX.*))
                0x04000000                        . = ALIGN (0x4)
                [!provide]                        PROVIDE (__end_data_RAM2 = .)
                [!provide]                        PROVIDE (__end_data_SRAMX = .)

.data_RAM3      0x20060000        0x0 load address 0x0000705c
 FILL mask 0xff
                [!provide]                        PROVIDE (__start_data_RAM3 = .)
                [!provide]                        PROVIDE (__start_data_SRAMH = .)
 *(SORT_BY_ALIGNMENT(.ramfunc.$RAM3))
 *(SORT_BY_ALIGNMENT(.ramfunc.$SRAMH))
 *(SORT_BY_ALIGNMENT(.data.$RAM3))
 *(SORT_BY_ALIGNMENT(.data.$SRAMH))
 *(SORT_BY_ALIGNMENT(.data.$RAM3.*))
 *(SORT_BY_ALIGNMENT(.data.$SRAMH.*))
                0x20060000                        . = ALIGN (0x4)
                [!provide]                        PROVIDE (__end_data_RAM3 = .)
                [!provide]                        PROVIDE (__end_data_SRAMH = .)

.data_RAM4      0x400ba000        0x0 load address 0x0000705c
 FILL mask 0xff
                [!provide]                        PROVIDE (__start_data_RAM4 = .)
                [!provide]                        PROVIDE (__start_data_USB_RAM = .)
 *(SORT_BY_ALIGNMENT(.ramfunc.$RAM4))
 *(SORT_BY_ALIGNMENT(.ramfunc.$USB_RAM))
 *(SORT_BY_ALIGNMENT(.data.$RAM4))
 *(SORT_BY_ALIGNMENT(.data.$USB_RAM))
 *(SORT_BY_ALIGNMENT(.data.$RAM4.*))
 *(SORT_BY_ALIGNMENT(.data.$USB_RAM.*))
                0x400ba000                        . = ALIGN (0x4)
                [!provide]                        PROVIDE (__end_data_RAM4 = .)
                [!provide]                        PROVIDE (__end_data_USB_RAM = .)

.uninit_RESERVED
                0x20000000        0x0
                0x20000000                        _start_uninit_RESERVED = .
 *(SORT_BY_ALIGNMENT(.bss.$RESERVED*))
                0x20000000                        . = ALIGN (0x4)
                0x20000000                        _end_uninit_RESERVED = .

.data           0x20000000       0x2c load address 0x0000705c
 FILL mask 0xff
                0x20000000                        _data = .
                [!provide]                        PROVIDE (__start_data_RAM = .)
                [!provide]                        PROVIDE (__start_data_SRAM = .)
 *(SORT_BY_ALIGNMENT(vtable))
 *(SORT_BY_ALIGNMENT(.ramfunc*))
 *(SORT_BY_ALIGNMENT(CodeQuickAccess))
 *(SORT_BY_ALIGNMENT(DataQuickAccess))
 DataQuickAccess
                0x20000000       0x20 ./source/main.o
                0x20000000                tcdMemoryPoolPtr
 *(SORT_BY_ALIGNMENT(RamFunction))
 *(SORT_BY_ALIGNMENT(.data*))
 .data.s_Ext_Clk_Freq
                0x20000020        0x4 ./drivers/fsl_clock.o
 .data.s_Xtal32_Freq
                0x20000024        0x4 ./drivers/fsl_clock.o
 .data.SystemCoreClock
                0x20000028        0x4 ./device/system_MCXN947_cm33_core0.o
                0x20000028                SystemCoreClock
                0x2000002c                        . = ALIGN (0x4)
                0x2000002c                        _edata = .
                [!provide]                        PROVIDE (__end_data_RAM = .)
                [!provide]                        PROVIDE (__end_data_SRAM = .)

.igot.plt       0x2000002c        0x0 load address 0x00007088
 .igot.plt      0x2000002c        0x0 ./utilities/debug_console_lite/fsl_debug_console.o

.bss_RAM2       0x04000000        0x0
                [!provide]                        PROVIDE (__start_bss_RAM2 = .)
                [!provide]                        PROVIDE (__start_bss_SRAMX = .)
 *(SORT_BY_ALIGNMENT(.bss.$RAM2))
 *(SORT_BY_ALIGNMENT(.bss.$SRAMX))
 *(SORT_BY_ALIGNMENT(.bss.$RAM2.*))
 *(SORT_BY_ALIGNMENT(.bss.$SRAMX.*))
                0x04000000                        . = ALIGN ((. != 0x0)?0x4:0x1)
                [!provide]                        PROVIDE (__end_bss_RAM2 = .)
                [!provide]                        PROVIDE (__end_bss_SRAMX = .)

.bss_RAM3       0x20060000        0x0
                [!provide]                        PROVIDE (__start_bss_RAM3 = .)
                [!provide]                        PROVIDE (__start_bss_SRAMH = .)
 *(SORT_BY_ALIGNMENT(.bss.$RAM3))
 *(SORT_BY_ALIGNMENT(.bss.$SRAMH))
 *(SORT_BY_ALIGNMENT(.bss.$RAM3.*))
 *(SORT_BY_ALIGNMENT(.bss.$SRAMH.*))
                0x20060000                        . = ALIGN ((. != 0x0)?0x4:0x1)
                [!provide]                        PROVIDE (__end_bss_RAM3 = .)
                [!provide]                        PROVIDE (__end_bss_SRAMH = .)

.bss_RAM4       0x400ba000        0x0
                [!provide]                        PROVIDE (__start_bss_RAM4 = .)
                [!provide]                        PROVIDE (__start_bss_USB_RAM = .)
 *(SORT_BY_ALIGNMENT(.bss.$RAM4))
 *(SORT_BY_ALIGNMENT(.bss.$USB_RAM))
 *(SORT_BY_ALIGNMENT(.bss.$RAM4.*))
 *(SORT_BY_ALIGNMENT(.bss.$USB_RAM.*))
                0x400ba000                        . = ALIGN ((. != 0x0)?0x4:0x1)
                [!provide]                        PROVIDE (__end_bss_RAM4 = .)
                [!provide]                        PROVIDE (__end_bss_USB_RAM = .)

.bss            0x2000002c    0x2a84c
                0x2000002c                        _bss = .
                [!provide]                        PROVIDE (__start_bss_RAM = .)
                [!provide]                        PROVIDE (__start_bss_SRAM = .)
 *(SORT_BY_ALIGNMENT(.bss*))
 .bss.s_debugConsole
                0x2000002c       0x14 ./utilities/debug_console_lite/fsl_debug_console.o
 .bss.g_buff    0x20000040    0x2a310 ./source/led_WS2812B.o
 .bss.g_EDMA_Handle
                0x2002a350       0x20 ./source/main.o
 .bss.g_led_array
                0x2002a370      0x258 ./source/main.o
 .bss.s_Sai_Mclk_Freq
                0x2002a5c8        0x8 ./drivers/fsl_clock.o
 .bss.s_Sai_Tx_Bclk_Freq
                0x2002a5d0        0x8 ./drivers/fsl_clock.o
 .bss.s_Sai_Rx_Bclk_Freq
                0x2002a5d8        0x8 ./drivers/fsl_clock.o
 .bss.s_ctimerCallback
                0x2002a5e0       0x14 ./drivers/fsl_ctimer.o
 .bss.ctimerCallbackType
                0x2002a5f4        0x5 ./drivers/fsl_ctimer.o
 *fill*         0x2002a5f9        0x3 
 .bss.s_EDMAHandle
                0x2002a5fc       0x80 ./drivers/fsl_edma.o
 .bss.s_lpflexcommIrqHandler
                0x2002a67c       0xa0 ./drivers/fsl_lpflexcomm.o
 .bss.s_lpflexcommHandle
                0x2002a71c       0xa0 ./drivers/fsl_lpflexcomm.o
 .bss.errno     0x2002a7bc        0x4 C:/nxp/MCUXpressoIDE_24.12.148/ide/plugins/com.nxp.mcuxpresso.tools.win32_24.12.0.202407110909/tools/bin/../lib/gcc/arm-none-eabi/13.2.1/../../../../arm-none-eabi/lib/thumb/v8-m.main+fp/hard\libcr_c.a(errno.o)
                0x2002a7bc                errno
 .bss.__Ciob    0x2002a7c0       0xb4 C:/nxp/MCUXpressoIDE_24.12.148/ide/plugins/com.nxp.mcuxpresso.tools.win32_24.12.0.202407110909/tools/bin/../lib/gcc/arm-none-eabi/13.2.1/../../../../arm-none-eabi/lib/thumb/v8-m.main+fp/hard\libcr_nohost_nf.a(__ciob.o)
                0x2002a7c0                __Ciob
 .bss.g_task_flag
                0x2002a874        0x1 ./source/main.o
 *(SORT_BY_ALIGNMENT(COMMON))
                0x2002a878                        . = ALIGN (0x4)
 *fill*         0x2002a875        0x3 
                0x2002a878                        _ebss = .
                [!provide]                        PROVIDE (__end_bss_RAM = .)
                [!provide]                        PROVIDE (__end_bss_SRAM = .)
                [!provide]                        PROVIDE (end = .)

.noinit_RAM2    0x04000000        0x0
                [!provide]                        PROVIDE (__start_noinit_RAM2 = .)
                [!provide]                        PROVIDE (__start_noinit_SRAMX = .)
 *(SORT_BY_ALIGNMENT(.noinit.$RAM2))
 *(SORT_BY_ALIGNMENT(.noinit.$SRAMX))
 *(SORT_BY_ALIGNMENT(.noinit.$RAM2.*))
 *(SORT_BY_ALIGNMENT(.noinit.$SRAMX.*))
                0x04000000                        . = ALIGN (0x4)
                [!provide]                        PROVIDE (__end_noinit_RAM2 = .)
                [!provide]                        PROVIDE (__end_noinit_SRAMX = .)

.noinit_RAM3    0x20060000        0x0
                [!provide]                        PROVIDE (__start_noinit_RAM3 = .)
                [!provide]                        PROVIDE (__start_noinit_SRAMH = .)
 *(SORT_BY_ALIGNMENT(.noinit.$RAM3))
 *(SORT_BY_ALIGNMENT(.noinit.$SRAMH))